   Compiling proc-macro2 v1.0.107
   Compiling unicode-ident v1.0.26
   Compiling quote v1.0.47
   Compiling libc v0.2.189
   Compiling cfg-if v1.0.5
   Compiling smallvec v1.16.1
   Compiling stable_deref_trait v1.2.1
   Compiling siphasher v1.0.3
   Compiling itoa v1.0.18
   Compiling serde_core v1.0.229
   Compiling rand_core v0.6.4
   Compiling phf_shared v0.11.3
   Compiling rand v0.8.8
   Compiling find-msvc-tools v0.1.13
   Compiling shlex v2.0.1
   Compiling memchr v2.8.3
   Compiling cc v1.4.7
   Compiling serde v1.0.229
   Compiling phf_generator v0.11.3
   Compiling pin-project-lite v0.2.17
   Compiling bytes v1.12.1
   Compiling futures-core v0.3.34
   Compiling phf_codegen v0.11.3
   Compiling writeable v0.6.4
   Compiling once_cell v1.21.4
   Compiling litemap v0.8.3
   Compiling parking_lot_core v0.9.12
   Compiling icu_properties_data v2.3.0
   Compiling syn v3.0.6
   Compiling syn v2.0.119
   Compiling icu_normalizer_data v2.3.0
   Compiling utf8_iter v1.0.4
   Compiling ring v0.17.14
   Compiling futures-sink v0.3.34
   Compiling bitflags v2.13.2
   Compiling new_debug_unreachable v1.0.6
   Compiling version_check v0.9.5
   Compiling generic-array v0.14.7
   Compiling mio v1.2.3
   Compiling socket2 v0.6.5
   Compiling tokio v1.53.1
   Compiling http v1.5.0
   Compiling scopeguard v1.2.0
   Compiling percent-encoding v2.3.2
   Compiling zeroize v1.9.0
   Compiling rustls-pki-types v1.15.1
   Compiling lock_api v0.4.14
   Compiling synstructure v0.14.0
   Compiling getrandom v0.2.17
   Compiling http-body v1.1.0
   Compiling string_cache_codegen v0.5.4
   Compiling futures-io v0.3.34
   Compiling httparse v1.10.1
   Compiling precomputed-hash v0.1.1
   Compiling untrusted v0.9.0
   Compiling futures-task v0.3.34
   Compiling slab v0.4.12
   Compiling typenum v1.20.1
   Compiling web_atoms v0.1.3
   Compiling futures-util v0.3.34
   Compiling zerofrom-derive v0.1.8
   Compiling yoke-derive v0.8.3
   Compiling zerovec-derive v0.11.6
   Compiling zerofrom v0.1.8
   Compiling displaydoc v0.2.7
   Compiling serde_derive v1.0.229
   Compiling yoke v0.8.3
   Compiling parking_lot v0.12.5
   Compiling zerovec v0.11.8
   Compiling zerotrie v0.2.5
   Compiling try-lock v0.2.5
   Compiling log v0.4.34
   Compiling zmij v1.0.23
   Compiling getrandom v0.4.3
   Compiling rustls v0.23.45
   Compiling mac v0.1.1
   Compiling phf_macros v0.11.3
   Compiling autocfg v1.5.1
   Compiling tower-service v0.3.3
   Compiling futf v0.1.5
   Compiling tinystr v0.8.4
   Compiling potential_utf v0.1.6
   Compiling icu_locale_core v2.3.0
   Compiling icu_collections v2.3.0
   Compiling phf v0.11.3
   Compiling rustls-webpki v0.103.15
   Compiling num-traits v0.2.19
   Compiling want v0.3.1
   Compiling form_urlencoded v1.2.2
   Compiling futures-channel v0.3.34
   Compiling tracing-core v0.1.36
   Compiling pkg-config v0.3.34
   Compiling serde_json v1.0.151
   Compiling vcpkg v0.2.15
   Compiling subtle v2.6.1
   Compiling icu_provider v2.3.1
   Compiling dtoa v1.0.11
   Compiling atomic-waker v1.1.2
   Compiling utf-8 v0.7.6
   Compiling rustix v1.1.5
   Compiling tracing v0.1.44
   Compiling icu_normalizer v2.3.0
   Compiling icu_properties v2.3.0
   Compiling tendril v0.4.3
   Compiling libsqlite3-sys v0.35.0
   Compiling hyper v1.11.1
   Compiling dtoa-short v0.3.5
   Compiling string_cache v0.8.9
   Compiling derive_more-impl v2.1.1
   Compiling cssparser-macros v0.6.1
   Compiling crypto-common v0.1.7
   Compiling block-buffer v0.10.4
   Compiling errno v0.3.14
   Compiling selectors v0.31.0
   Compiling sync_wrapper v1.0.2
   Compiling crc32fast v1.5.2
   Compiling base64 v0.22.1
   Compiling ref-cast v1.0.27
   Compiling foldhash v0.1.5
   Compiling ryu v1.0.23
   Compiling tower-layer v0.3.3
   Compiling byteorder v1.5.0
   Compiling thiserror v2.0.20
   Compiling ipnet v2.12.2
   Compiling fxhash v0.2.1
   Compiling markup5ever v0.35.0
   Compiling tower v0.5.3
   Compiling derive_more v2.1.1
   Compiling hyper-util v0.1.20
   Compiling hashbrown v0.15.5
   Compiling idna_adapter v1.2.2
   Compiling idna v1.1.0
   Compiling url v2.5.8
   Compiling digest v0.10.7
   Compiling cssparser v0.35.0
   Compiling match_token v0.35.0
   Compiling thiserror-impl v2.0.20
   Compiling ref-cast-impl v1.0.27
   Compiling webpki-roots v1.0.9
   Compiling serde_derive_internals v0.30.0
   Compiling cpufeatures v0.2.17
   Compiling servo_arc v0.4.3
   Compiling equivalent v1.0.2
   Compiling fastrand v2.5.0
   Compiling unicode-width v0.2.2
   Compiling hashbrown v0.17.1
   Compiling core-foundation-sys v0.8.7
   Compiling rust_decimal v1.43.0
   Compiling iana-time-zone v0.1.65
   Compiling schemars_derive v1.2.2
   Compiling getopts v0.2.24
   Compiling tempfile v3.27.0
   Compiling indexmap v2.14.2
   Compiling sha2 v0.10.9
   Compiling html5ever v0.35.0
   Compiling tower-http v0.6.11
   Compiling hashlink v0.10.0
   Compiling serde_urlencoded v0.7.1
   Compiling uuid v1.26.1
   Compiling http-body-util v0.1.5
   Compiling csv-core v0.1.13
   Compiling typed-path v0.12.3
   Compiling dyn-clone v1.0.20
   Compiling arrayvec v0.7.8
   Compiling fallible-streaming-iterator v0.1.9
   Compiling fallible-iterator v0.3.0
   Compiling ego-tree v0.10.0
   Compiling schemars v1.2.2
   Compiling csv v1.4.0
   Compiling chrono v0.4.45
   Compiling tokio-rustls v0.26.5
   Compiling scraper v0.24.0
   Compiling quick-xml v0.42.0
   Compiling hyper-rustls v0.27.10
   Compiling reqwest v0.12.28
   Compiling zip v8.6.0
   Compiling robotstxt v0.3.0
   Compiling workbench-windows-worker v0.1.0 (<WORKTREE>/crates/windows-worker)
   Compiling rusqlite v0.37.0
   Compiling workbench-core v0.1.0 (<WORKTREE>/crates/core)
    Finished `dev` profile [unoptimized + debuginfo] target(s) in 54.99s
