   Compiling cfg-if v1.0.5
   Compiling smallvec v1.16.1
   Compiling stable_deref_trait v1.2.1
   Compiling siphasher v1.0.3
   Compiling itoa v1.0.18
   Compiling libc v0.2.189
   Compiling zerofrom v0.1.8
   Compiling serde_core v1.0.229
   Compiling memchr v2.8.3
   Compiling pin-project-lite v0.2.17
   Compiling yoke v0.8.3
   Compiling bytes v1.12.1
   Compiling phf_shared v0.11.3
   Compiling zerovec v0.11.8
   Compiling futures-core v0.3.34
   Compiling once_cell v1.21.4
   Compiling phf_generator v0.11.3
   Compiling writeable v0.6.4
   Compiling litemap v0.8.3
   Compiling phf_codegen v0.11.3
   Compiling zerotrie v0.2.5
   Compiling new_debug_unreachable v1.0.6
   Compiling utf8_iter v1.0.4
   Compiling futures-sink v0.3.34
   Compiling mio v1.2.3
   Compiling socket2 v0.6.5
   Compiling bitflags v2.13.2
   Compiling http v1.5.0
   Compiling phf_macros v0.11.3
   Compiling percent-encoding v2.3.2
   Compiling scopeguard v1.2.0
   Compiling tinystr v0.8.4
   Compiling potential_utf v0.1.6
   Compiling zeroize v1.9.0
   Compiling icu_collections v2.3.0
   Compiling rustls-pki-types v1.15.1
   Compiling icu_locale_core v2.3.0
   Compiling tokio v1.53.1
   Compiling phf v0.11.3
   Compiling lock_api v0.4.14
   Compiling icu_properties_data v2.3.0
   Compiling http-body v1.1.0
   Compiling icu_normalizer_data v2.3.0
   Compiling parking_lot_core v0.9.12
   Compiling getrandom v0.2.17
   Compiling string_cache_codegen v0.5.4
   Compiling futures-task v0.3.34
   Compiling futures-io v0.3.34
   Compiling slab v0.4.12
   Compiling typenum v1.20.1
   Compiling precomputed-hash v0.1.1
   Compiling untrusted v0.9.0
   Compiling futures-util v0.3.34
   Compiling web_atoms v0.1.3
   Compiling parking_lot v0.12.5
   Compiling ring v0.17.14
   Compiling icu_provider v2.3.1
   Compiling try-lock v0.2.5
   Compiling tower-service v0.3.3
   Compiling log v0.4.34
   Compiling mac v0.1.1
   Compiling icu_properties v2.3.0
   Compiling icu_normalizer v2.3.0
   Compiling futf v0.1.5
   Compiling serde v1.0.229
   Compiling want v0.3.1
   Compiling generic-array v0.14.7
   Compiling string_cache v0.8.9
   Compiling httparse v1.10.1
   Compiling form_urlencoded v1.2.2
   Compiling futures-channel v0.3.34
   Compiling rustls-webpki v0.103.15
   Compiling idna_adapter v1.2.2
   Compiling tracing-core v0.1.36
   Compiling dtoa v1.0.11
   Compiling subtle v2.6.1
   Compiling atomic-waker v1.1.2
   Compiling utf-8 v0.7.6
   Compiling dtoa-short v0.3.5
   Compiling tendril v0.4.3
   Compiling tracing v0.1.44
   Compiling rustls v0.23.45
   Compiling idna v1.1.0
   Compiling crypto-common v0.1.7
   Compiling block-buffer v0.10.4
   Compiling zmij v1.0.23
   Compiling getrandom v0.4.3
   Compiling errno v0.3.14
   Compiling selectors v0.31.0
   Compiling sync_wrapper v1.0.2
   Compiling tower-layer v0.3.3
   Compiling foldhash v0.1.5
   Compiling ryu v1.0.23
   Compiling byteorder v1.5.0
   Compiling base64 v0.22.1
   Compiling ipnet v2.12.2
   Compiling fxhash v0.2.1
   Compiling hyper v1.11.1
   Compiling tower v0.5.3
   Compiling hashbrown v0.15.5
   Compiling cssparser v0.35.0
   Compiling derive_more v2.1.1
   Compiling rustix v1.1.5
   Compiling serde_json v1.0.151
   Compiling num-traits v0.2.19
   Compiling markup5ever v0.35.0
   Compiling hyper-util v0.1.20
   Compiling url v2.5.8
   Compiling digest v0.10.7
   Compiling webpki-roots v1.0.9
   Compiling cpufeatures v0.2.17
   Compiling servo_arc v0.4.3
   Compiling fastrand v2.5.0
   Compiling hashbrown v0.17.1
   Compiling core-foundation-sys v0.8.7
   Compiling equivalent v1.0.2
   Compiling unicode-width v0.2.2
   Compiling iana-time-zone v0.1.65
   Compiling tempfile v3.27.0
   Compiling ref-cast v1.0.27
   Compiling thiserror v2.0.20
   Compiling getopts v0.2.24
   Compiling html5ever v0.35.0
   Compiling indexmap v2.14.2
   Compiling sha2 v0.10.9
   Compiling libsqlite3-sys v0.35.0
   Compiling tower-http v0.6.11
   Compiling hashlink v0.10.0
   Compiling crc32fast v1.5.2
   Compiling serde_urlencoded v0.7.1
   Compiling tokio-rustls v0.26.5
   Compiling uuid v1.26.1
   Compiling http-body-util v0.1.5
   Compiling csv-core v0.1.13
   Compiling typed-path v0.12.3
   Compiling fallible-iterator v0.3.0
   Compiling ego-tree v0.10.0
   Compiling hyper-rustls v0.27.10
   Compiling dyn-clone v1.0.20
   Compiling fallible-streaming-iterator v0.1.9
   Compiling arrayvec v0.7.8
   Compiling reqwest v0.12.28
   Compiling scraper v0.24.0
   Compiling schemars v1.2.2
   Compiling rust_decimal v1.43.0
   Compiling workbench-windows-worker v0.1.0 (<worktree>/crates/windows-worker)
   Compiling rusqlite v0.37.0
   Compiling zip v8.6.0
   Compiling csv v1.4.0
   Compiling chrono v0.4.45
   Compiling quick-xml v0.42.0
   Compiling robotstxt v0.3.0
   Compiling workbench-core v0.1.0 (<worktree>/crates/core)
error[E0433]: failed to resolve: could not find `std` in `unix`
  --> crates/core/src/engines.rs:52:28
   |
52 |         use std::os::unix::std::fs::OpenOptionsExt;
   |                            ^^^ could not find `std` in `unix`

error[E0599]: no method named `mode` found for struct `std::fs::OpenOptions` in the current scope
  --> crates/core/src/engines.rs:53:17
   |
53 |         options.mode(0o600);
   |                 ^^^^ method not found in `std::fs::OpenOptions`
  --> /rustc/1159e78c4747b02ef996e55082b704c09b970588/library/std/src/os/unix/fs.rs:406:8
   |
   = note: the method is available for `std::fs::OpenOptions` here
   |
   = help: items from traits can only be used if the trait is in scope
help: trait `OpenOptionsExt` which provides `mode` is implemented but not in scope; perhaps you want to import it
   |
 2 + use std::os::unix::fs::OpenOptionsExt;
   |

Some errors have detailed explanations: E0433, E0599.
For more information about an error, try `rustc --explain E0433`.
error: could not compile `workbench-core` (lib test) due to 2 previous errors
