   Compiling proc-macro2 v1.0.107
   Compiling unicode-ident v1.0.26
   Compiling quote v1.0.47
   Compiling libc v0.2.189
    Checking cfg-if v1.0.5
    Checking smallvec v1.16.1
    Checking stable_deref_trait v1.2.1
   Compiling rand_core v0.6.4
   Compiling siphasher v1.0.3
    Checking itoa v1.0.18
   Compiling rand v0.8.8
   Compiling shlex v2.0.1
   Compiling serde_core v1.0.229
   Compiling phf_shared v0.11.3
   Compiling find-msvc-tools v0.1.13
    Checking memchr v2.8.3
   Compiling cc v1.4.7
   Compiling serde v1.0.229
   Compiling phf_generator v0.11.3
    Checking pin-project-lite v0.2.17
    Checking bytes v1.12.1
    Checking futures-core v0.3.34
   Compiling phf_codegen v0.11.3
    Checking writeable v0.6.4
    Checking litemap v0.8.3
    Checking utf8_iter v1.0.4
    Checking new_debug_unreachable v1.0.6
   Compiling icu_normalizer_data v2.3.0
    Checking once_cell v1.21.4
   Compiling icu_properties_data v2.3.0
   Compiling parking_lot_core v0.9.12
    Checking futures-sink v0.3.34
   Compiling syn v3.0.6
   Compiling syn v2.0.119
    Checking http v1.5.0
   Compiling ring v0.17.14
    Checking scopeguard v1.2.0
    Checking mio v1.2.3
    Checking socket2 v0.6.5
   Compiling version_check v0.9.5
    Checking percent-encoding v2.3.2
    Checking bitflags v2.13.2
    Checking tokio v1.53.1
    Checking zeroize v1.9.0
   Compiling generic-array v0.14.7
    Checking http-body v1.1.0
    Checking rustls-pki-types v1.15.1
    Checking lock_api v0.4.14
    Checking getrandom v0.2.17
   Compiling string_cache_codegen v0.5.4
    Checking slab v0.4.12
    Checking futures-task v0.3.34
    Checking precomputed-hash v0.1.1
    Checking futures-io v0.3.34
    Checking untrusted v0.9.0
   Compiling httparse v1.10.1
    Checking futures-util v0.3.34
   Compiling web_atoms v0.1.3
    Checking parking_lot v0.12.5
    Checking typenum v1.20.1
    Checking try-lock v0.2.5
    Checking log v0.4.34
    Checking mac v0.1.1
    Checking tower-service v0.3.3
   Compiling autocfg v1.5.1
   Compiling rustls v0.23.45
    Checking futf v0.1.5
    Checking want v0.3.1
   Compiling num-traits v0.2.19
   Compiling synstructure v0.14.0
    Checking form_urlencoded v1.2.2
    Checking futures-channel v0.3.34
    Checking tracing-core v0.1.36
   Compiling vcpkg v0.2.15
    Checking dtoa v1.0.11
   Compiling pkg-config v0.3.34
    Checking utf-8 v0.7.6
    Checking atomic-waker v1.1.2
    Checking subtle v2.6.1
   Compiling getrandom v0.4.3
   Compiling zerofrom-derive v0.1.8
   Compiling yoke-derive v0.8.3
   Compiling zerovec-derive v0.11.6
   Compiling displaydoc v0.2.7
   Compiling serde_derive v1.0.229
    Checking zerofrom v0.1.8
   Compiling zmij v1.0.23
    Checking hyper v1.11.1
   Compiling libsqlite3-sys v0.35.0
    Checking yoke v0.8.3
    Checking rustls-webpki v0.103.15
    Checking tracing v0.1.44
    Checking tendril v0.4.3
    Checking dtoa-short v0.3.5
   Compiling selectors v0.31.0
    Checking sync_wrapper v1.0.2
    Checking tower-layer v0.3.3
   Compiling rustix v1.1.5
   Compiling phf_macros v0.11.3
   Compiling cssparser-macros v0.6.1
   Compiling derive_more-impl v2.1.1
    Checking ryu v1.0.23
   Compiling serde_json v1.0.151
    Checking byteorder v1.5.0
    Checking base64 v0.22.1
    Checking zerovec v0.11.8
    Checking zerotrie v0.2.5
    Checking phf v0.11.3
   Compiling ref-cast v1.0.27
    Checking foldhash v0.1.5
    Checking ipnet v2.12.2
   Compiling crc32fast v1.5.2
    Checking derive_more v2.1.1
    Checking tinystr v0.8.4
    Checking icu_locale_core v2.3.0
    Checking potential_utf v0.1.6
    Checking icu_collections v2.3.0
    Checking hyper-util v0.1.20
    Checking cssparser v0.35.0
    Checking icu_provider v2.3.1
    Checking tokio-rustls v0.26.5
    Checking hashbrown v0.15.5
    Checking icu_normalizer v2.3.0
    Checking icu_properties v2.3.0
    Checking fxhash v0.2.1
    Checking tower v0.5.3
   Compiling match_token v0.35.0
    Checking idna_adapter v1.2.2
    Checking idna v1.1.0
    Checking url v2.5.8
   Compiling ref-cast-impl v1.0.27
    Checking crypto-common v0.1.7
    Checking block-buffer v0.10.4
   Compiling serde_derive_internals v0.30.0
    Checking webpki-roots v1.0.9
    Checking errno v0.3.14
    Checking string_cache v0.8.9
    Checking servo_arc v0.4.3
    Checking equivalent v1.0.2
   Compiling thiserror v2.0.20
    Checking core-foundation-sys v0.8.7
   Compiling rust_decimal v1.43.0
    Checking unicode-width v0.2.2
    Checking hashbrown v0.17.1
    Checking markup5ever v0.35.0
    Checking getopts v0.2.24
   Compiling schemars_derive v1.2.2
    Checking html5ever v0.35.0
    Checking iana-time-zone v0.1.65
    Checking indexmap v2.14.2
    Checking serde_urlencoded v0.7.1
    Checking hyper-rustls v0.27.10
    Checking digest v0.10.7
    Checking tower-http v0.6.11
    Checking hashlink v0.10.0
   Compiling thiserror-impl v2.0.20
    Checking http-body-util v0.1.5
    Checking cpufeatures v0.2.17
    Checking csv-core v0.1.13
    Checking typed-path v0.12.3
    Checking ego-tree v0.10.0
    Checking fallible-iterator v0.3.0
    Checking dyn-clone v1.0.20
    Checking fastrand v2.5.0
    Checking fallible-streaming-iterator v0.1.9
    Checking arrayvec v0.7.8
    Checking tempfile v3.27.0
    Checking csv v1.4.0
    Checking schemars v1.2.2
    Checking sha2 v0.10.9
    Checking reqwest v0.12.28
    Checking chrono v0.4.45
    Checking uuid v1.26.1
    Checking scraper v0.24.0
    Checking quick-xml v0.42.0
    Checking robotstxt v0.3.0
    Checking zip v8.6.0
    Checking rusqlite v0.37.0
    Checking workbench-core v0.1.0 (<worktree>/crates/core)
error[E0425]: cannot find function `write_new` in module `super`
   --> crates/core/src/engines/image.rs:245:20
    |
245 |             super::write_new(&path.join("input.json"), original)?;
    |                    ^^^^^^^^^ not found in `super`
    |
note: function `crate::engines::search::write_new` exists but is inaccessible
   --> crates/core/src/engines/search.rs:128:1
    |
128 | fn write_new(path: &Path, bytes: &[u8]) -> Result<()> {
    | ^^^^^^^^^^^^^^^^^^^^^^^^^^^^^^^^^^^^^^^^^^^^^^^^^^^^^ not accessible

error[E0425]: cannot find function `write_new` in module `super`
   --> crates/core/src/engines/image.rs:264:20
    |
264 |             super::write_new(&path.join("request.json"), &encoded)?;
    |                    ^^^^^^^^^ not found in `super`
    |
note: function `crate::engines::search::write_new` exists but is inaccessible
   --> crates/core/src/engines/search.rs:128:1
    |
128 | fn write_new(path: &Path, bytes: &[u8]) -> Result<()> {
    | ^^^^^^^^^^^^^^^^^^^^^^^^^^^^^^^^^^^^^^^^^^^^^^^^^^^^^ not accessible

error[E0425]: cannot find function `write_new` in module `super`
   --> crates/core/src/engines/ocr.rs:219:20
    |
219 |             super::write_new(&job_path.join("input.pgm"), raster)?;
    |                    ^^^^^^^^^ not found in `super`
    |
note: function `crate::engines::search::write_new` exists but is inaccessible
   --> crates/core/src/engines/search.rs:128:1
    |
128 | fn write_new(path: &Path, bytes: &[u8]) -> Result<()> {
    | ^^^^^^^^^^^^^^^^^^^^^^^^^^^^^^^^^^^^^^^^^^^^^^^^^^^^^ not accessible

error[E0425]: cannot find function `write_new` in module `super`
   --> crates/core/src/engines/ocr_regions.rs:195:20
    |
195 |             super::write_new(&path.join("input.pgm"), raster)?;
    |                    ^^^^^^^^^ not found in `super`
    |
note: function `crate::engines::search::write_new` exists but is inaccessible
   --> crates/core/src/engines/search.rs:128:1
    |
128 | fn write_new(path: &Path, bytes: &[u8]) -> Result<()> {
    | ^^^^^^^^^^^^^^^^^^^^^^^^^^^^^^^^^^^^^^^^^^^^^^^^^^^^^ not accessible

error[E0425]: cannot find function `write_new` in module `super`
   --> crates/core/src/engines/parser.rs:359:20
    |
359 |             super::write_new(&path.join("input.json"), original_bytes)?;
    |                    ^^^^^^^^^ not found in `super`
    |
note: function `crate::engines::search::write_new` exists but is inaccessible
   --> crates/core/src/engines/search.rs:128:1
    |
128 | fn write_new(path: &Path, bytes: &[u8]) -> Result<()> {
    | ^^^^^^^^^^^^^^^^^^^^^^^^^^^^^^^^^^^^^^^^^^^^^^^^^^^^^ not accessible

error[E0425]: cannot find function `write_new` in module `super`
   --> crates/core/src/engines/parser.rs:378:20
    |
378 |             super::write_new(&path.join("request.json"), &bytes)?;
    |                    ^^^^^^^^^ not found in `super`
    |
note: function `crate::engines::search::write_new` exists but is inaccessible
   --> crates/core/src/engines/search.rs:128:1
    |
128 | fn write_new(path: &Path, bytes: &[u8]) -> Result<()> {
    | ^^^^^^^^^^^^^^^^^^^^^^^^^^^^^^^^^^^^^^^^^^^^^^^^^^^^^ not accessible

error[E0425]: cannot find function `write_new` in module `super`
   --> crates/core/src/engines/pdf_render.rs:357:20
    |
357 |             super::write_new(&path.join("input.json"), original)?;
    |                    ^^^^^^^^^ not found in `super`
    |
note: function `crate::engines::search::write_new` exists but is inaccessible
   --> crates/core/src/engines/search.rs:128:1
    |
128 | fn write_new(path: &Path, bytes: &[u8]) -> Result<()> {
    | ^^^^^^^^^^^^^^^^^^^^^^^^^^^^^^^^^^^^^^^^^^^^^^^^^^^^^ not accessible

error[E0425]: cannot find function `write_new` in module `super`
   --> crates/core/src/engines/pdf_render.rs:376:20
    |
376 |             super::write_new(&path.join("request.json"), &encoded)?;
    |                    ^^^^^^^^^ not found in `super`
    |
note: function `crate::engines::search::write_new` exists but is inaccessible
   --> crates/core/src/engines/search.rs:128:1
    |
128 | fn write_new(path: &Path, bytes: &[u8]) -> Result<()> {
    | ^^^^^^^^^^^^^^^^^^^^^^^^^^^^^^^^^^^^^^^^^^^^^^^^^^^^^ not accessible

error[E0425]: cannot find function `write_new` in module `super::super`
   --> crates/core/src/engines/supervision/ocr.rs:69:19
    |
 69 |     super::super::write_new(
    |                   ^^^^^^^^^ not found in `super::super`
    |
note: function `crate::engines::search::write_new` exists but is inaccessible
   --> crates/core/src/engines/search.rs:128:1
    |
128 | fn write_new(path: &Path, bytes: &[u8]) -> Result<()> {
    | ^^^^^^^^^^^^^^^^^^^^^^^^^^^^^^^^^^^^^^^^^^^^^^^^^^^^^ not accessible

error[E0425]: cannot find function `write_new` in module `super::super`
   --> crates/core/src/engines/supervision/python.rs:245:23
    |
245 |         super::super::write_new(&job.path().join("worker.sb"), expanded.as_bytes())?;
    |                       ^^^^^^^^^ not found in `super::super`
    |
note: function `crate::engines::search::write_new` exists but is inaccessible
   --> crates/core/src/engines/search.rs:128:1
    |
128 | fn write_new(path: &Path, bytes: &[u8]) -> Result<()> {
    | ^^^^^^^^^^^^^^^^^^^^^^^^^^^^^^^^^^^^^^^^^^^^^^^^^^^^^ not accessible

error[E0425]: cannot find function `write_new` in module `super`
   --> crates/core/src/engines/supervision.rs:500:12
    |
500 |     super::write_new(
    |            ^^^^^^^^^ not found in `super`
    |
note: function `crate::engines::search::write_new` exists but is inaccessible
   --> crates/core/src/engines/search.rs:128:1
    |
128 | fn write_new(path: &Path, bytes: &[u8]) -> Result<()> {
    | ^^^^^^^^^^^^^^^^^^^^^^^^^^^^^^^^^^^^^^^^^^^^^^^^^^^^^ not accessible

For more information about this error, try `rustc --explain E0425`.
error: could not compile `workbench-core` (lib) due to 11 previous errors
