test_access_review_cannot_be_relabeled_as_discovery (test_discovery_benchmark.DiscoveryBenchmarkTests.test_access_review_cannot_be_relabeled_as_discovery) ... ok
test_all_redirects_must_be_within_selected_domain (test_discovery_benchmark.DiscoveryBenchmarkTests.test_all_redirects_must_be_within_selected_domain) ... ok
test_blocked_does_not_count_as_relevant (test_discovery_benchmark.DiscoveryBenchmarkTests.test_blocked_does_not_count_as_relevant) ... ok
test_blocked_external_redirect_is_retained_without_credit (test_discovery_benchmark.DiscoveryBenchmarkTests.test_blocked_external_redirect_is_retained_without_credit) ... ok
test_cli_exit_codes_and_optimized_validation (test_discovery_benchmark.DiscoveryBenchmarkTests.test_cli_exit_codes_and_optimized_validation) ... ok
test_collection_must_follow_freeze_and_fit_fourteen_days (test_discovery_benchmark.DiscoveryBenchmarkTests.test_collection_must_follow_freeze_and_fit_fourteen_days) ... ok
test_content_collection_starts_at_frozen_seed (test_discovery_benchmark.DiscoveryBenchmarkTests.test_content_collection_starts_at_frozen_seed) ... ok
test_denominator_and_publisher_independence (test_discovery_benchmark.DiscoveryBenchmarkTests.test_denominator_and_publisher_independence) ... ok
test_duplicate_and_unknown_task_results (test_discovery_benchmark.DiscoveryBenchmarkTests.test_duplicate_and_unknown_task_results) ... ok
test_duplicate_json_and_boolean_integer_are_rejected (test_discovery_benchmark.DiscoveryBenchmarkTests.test_duplicate_json_and_boolean_integer_are_rejected) ... ok
test_evidence_root_reparse_metadata_is_rejected (test_discovery_benchmark.DiscoveryBenchmarkTests.test_evidence_root_reparse_metadata_is_rejected) ... ok
test_exact_thresholds_and_synthetic_separation (test_discovery_benchmark.DiscoveryBenchmarkTests.test_exact_thresholds_and_synthetic_separation) ... ok
test_expansion_needs_actual_subsequent_hop (test_discovery_benchmark.DiscoveryBenchmarkTests.test_expansion_needs_actual_subsequent_hop) ... ok
test_expansion_needs_distinct_ordered_sources (test_discovery_benchmark.DiscoveryBenchmarkTests.test_expansion_needs_distinct_ordered_sources) ... ok
test_explicit_not_run_and_empty_run (test_discovery_benchmark.DiscoveryBenchmarkTests.test_explicit_not_run_and_empty_run) ... ok
test_future_campaign_and_review_cannot_be_scored (test_discovery_benchmark.DiscoveryBenchmarkTests.test_future_campaign_and_review_cannot_be_scored) ... ok
test_hash_binds_exact_frozen_benchmark (test_discovery_benchmark.DiscoveryBenchmarkTests.test_hash_binds_exact_frozen_benchmark) ... ok
test_higher_declared_limits_are_rejected (test_discovery_benchmark.DiscoveryBenchmarkTests.test_higher_declared_limits_are_rejected) ... ok
test_links_require_earlier_successful_parent (test_discovery_benchmark.DiscoveryBenchmarkTests.test_links_require_earlier_successful_parent) ... ok
test_lower_access_limits_are_enforced (test_discovery_benchmark.DiscoveryBenchmarkTests.test_lower_access_limits_are_enforced) ... ok
test_missing_measurement_is_not_zero_results (test_discovery_benchmark.DiscoveryBenchmarkTests.test_missing_measurement_is_not_zero_results) ... ok
test_missing_or_tampered_artifacts_fail (test_discovery_benchmark.DiscoveryBenchmarkTests.test_missing_or_tampered_artifacts_fail) ... ok
test_one_fewer_expansion_fails (test_discovery_benchmark.DiscoveryBenchmarkTests.test_one_fewer_expansion_fails) ... ok
test_one_fewer_relevant_result_fails_fixed_denominator (test_discovery_benchmark.DiscoveryBenchmarkTests.test_one_fewer_relevant_result_fails_fixed_denominator) ... ok
test_pending_review_retains_cost_and_missing_label (test_discovery_benchmark.DiscoveryBenchmarkTests.test_pending_review_retains_cost_and_missing_label) ... ok
test_positive_label_needs_successful_body_and_source (test_discovery_benchmark.DiscoveryBenchmarkTests.test_positive_label_needs_successful_body_and_source) ... ok
test_public_benchmark_is_frozen_and_unmeasured (test_discovery_benchmark.DiscoveryBenchmarkTests.test_public_benchmark_is_frozen_and_unmeasured) ... ok
test_request_time_and_hop_limits (test_discovery_benchmark.DiscoveryBenchmarkTests.test_request_time_and_hop_limits) ... ok
test_runner_cannot_review_own_results (test_discovery_benchmark.DiscoveryBenchmarkTests.test_runner_cannot_review_own_results) ... ok
test_symlink_artifacts_fail_where_supported (test_discovery_benchmark.DiscoveryBenchmarkTests.test_symlink_artifacts_fail_where_supported) ... ok
test_synthetic_result_cannot_claim_live_mode (test_discovery_benchmark.DiscoveryBenchmarkTests.test_synthetic_result_cannot_claim_live_mode) ... ok
test_unsafe_artifact_paths_fail (test_discovery_benchmark.DiscoveryBenchmarkTests.test_unsafe_artifact_paths_fail) ... ok
test_urls_cannot_disclose_search_query_or_credentials (test_discovery_benchmark.DiscoveryBenchmarkTests.test_urls_cannot_disclose_search_query_or_credentials) ... ok
test_version_one_cannot_reduce_threshold_or_expand_limit (test_discovery_benchmark.DiscoveryBenchmarkTests.test_version_one_cannot_reduce_threshold_or_expand_limit) ... ok
test_windows_junction_evidence_root_is_rejected (test_discovery_benchmark.DiscoveryBenchmarkTests.test_windows_junction_evidence_root_is_rejected) ... skipped 'Windows junction coverage'
test_core_backend_preserves_identity_and_does_not_return_provenance (test_graph_path_adapter.GraphContractTests.test_core_backend_preserves_identity_and_does_not_return_provenance) ... ok
test_edges_are_flat_known_canonical_unique_and_bounded (test_graph_path_adapter.GraphContractTests.test_edges_are_flat_known_canonical_unique_and_bounded) ... ok
test_fixed_shape_rejects_missing_extra_and_executable_fields_before_import (test_graph_path_adapter.GraphContractTests.test_fixed_shape_rejects_missing_extra_and_executable_fields_before_import) ... ok
test_identity_types_and_pins_are_exact (test_graph_path_adapter.GraphContractTests.test_identity_types_and_pins_are_exact) ... ok
test_isolated_endpoint_no_path_has_exact_empty_outcome (test_graph_path_adapter.GraphContractTests.test_isolated_endpoint_no_path_has_exact_empty_outcome) ... ok
test_malformed_json_duplicates_constants_and_non_utf8_never_import (test_graph_path_adapter.GraphContractTests.test_malformed_json_duplicates_constants_and_non_utf8_never_import) ... ok
test_nodes_are_sorted_unique_bounded_scalar_ids_and_endpoints_are_members (test_graph_path_adapter.GraphContractTests.test_nodes_are_sorted_unique_bounded_scalar_ids_and_endpoints_are_members) ... ok
test_serializer_bounds_escaping_before_output_growth (test_graph_path_adapter.GraphContractTests.test_serializer_bounds_escaping_before_output_growth) ... ok
test_unexpected_engine_failure_version_or_result_never_becomes_unreachable (test_graph_path_adapter.GraphContractTests.test_unexpected_engine_failure_version_or_result_never_becomes_unreachable) ... ok
test_input_errors_and_read_contract_violations_write_nothing (test_graph_path_adapter.StreamTests.test_input_errors_and_read_contract_violations_write_nothing) ... ok
test_input_limit_reads_at_most_one_extra_byte_and_writes_nothing (test_graph_path_adapter.StreamTests.test_input_limit_reads_at_most_one_extra_byte_and_writes_nothing) ... ok
test_partial_output_or_flush_error_stays_failed_without_retry (test_graph_path_adapter.StreamTests.test_partial_output_or_flush_error_stays_failed_without_retry) ... ok
test_short_reads_and_writes_complete_only_the_closed_result (test_graph_path_adapter.StreamTests.test_short_reads_and_writes_complete_only_the_closed_result) ... ok
test_all_targets_and_deterministic_output_pass_the_existing_verifier (test_inventory_producer.InventoryProducerTests.test_all_targets_and_deterministic_output_pass_the_existing_verifier) ... ok
test_byte_and_expansion_limits_fail_before_output (test_inventory_producer.InventoryProducerTests.test_byte_and_expansion_limits_fail_before_output) ... ok
test_changed_plan_or_publication_race_refuses_success (test_inventory_producer.InventoryProducerTests.test_changed_plan_or_publication_race_refuses_success) ... ok
test_cli_remains_incomplete_under_optimization_and_does_not_overwrite (test_inventory_producer.InventoryProducerTests.test_cli_remains_incomplete_under_optimization_and_does_not_overwrite) ... ok
test_encoded_inventory_limit_rejects_and_removes_pending_file (test_inventory_producer.InventoryProducerTests.test_encoded_inventory_limit_rejects_and_removes_pending_file) ... ok
test_hardlinks_symlinks_and_reparse_metadata_are_rejected (test_inventory_producer.InventoryProducerTests.test_hardlinks_symlinks_and_reparse_metadata_are_rejected) ... ok
test_junction_parent_cannot_disguise_output_or_plan_inside_bundle (test_inventory_producer.InventoryProducerTests.test_junction_parent_cannot_disguise_output_or_plan_inside_bundle) ... skipped 'Windows junction-specific check'
test_literal_directories_expand_every_present_file_and_allow_explicit_shared_ownership (test_inventory_producer.InventoryProducerTests.test_literal_directories_expand_every_present_file_and_allow_explicit_shared_ownership) ... ok
test_malformed_plan_and_errors_do_not_export_private_paths (test_inventory_producer.InventoryProducerTests.test_malformed_plan_and_errors_do_not_export_private_paths) ... ok
test_missing_unowned_glob_traversal_and_overlapping_selectors_fail (test_inventory_producer.InventoryProducerTests.test_missing_unowned_glob_traversal_and_overlapping_selectors_fail) ... ok
test_mutation_between_hash_and_verification_does_not_publish (test_inventory_producer.InventoryProducerTests.test_mutation_between_hash_and_verification_does_not_publish) ... ok
test_no_clobber_and_destination_must_stay_outside_bundle (test_inventory_producer.InventoryProducerTests.test_no_clobber_and_destination_must_stay_outside_bundle) ... ok
test_partial_staging_is_inventoried_but_stays_incomplete (test_inventory_producer.InventoryProducerTests.test_partial_staging_is_inventoried_but_stays_incomplete) ... ok
test_postpublication_cleanup_failure_cannot_claim_success (test_inventory_producer.InventoryProducerTests.test_postpublication_cleanup_failure_cannot_claim_success) ... ok
test_symlinked_parent_cannot_disguise_output_or_plan_inside_bundle (test_inventory_producer.InventoryProducerTests.test_symlinked_parent_cannot_disguise_output_or_plan_inside_bundle) ... ok
test_versions_roles_and_advertisements_are_never_inferred (test_inventory_producer.InventoryProducerTests.test_versions_roles_and_advertisements_are_never_inferred) ... ok
test_durable_cancellation_exact_gate_scope_and_recovery_required_for_pass (test_native_cancellation_receipts.CancellationEvidenceTests.test_durable_cancellation_exact_gate_scope_and_recovery_required_for_pass) ... ok
test_exact_two_allowed_ack_observation_orders_and_frozen_positive_compatibility (test_native_cancellation_receipts.CancellationEvidenceTests.test_exact_two_allowed_ack_observation_orders_and_frozen_positive_compatibility) ... ok
test_missing_duplicate_failed_zero_selected_and_reordered_intent_refused (test_native_cancellation_receipts.CancellationEvidenceTests.test_missing_duplicate_failed_zero_selected_and_reordered_intent_refused) ... ok
test_nonopted_cancellation_stops_before_source_or_native (test_native_cancellation_receipts.CancellationEvidenceTests.test_nonopted_cancellation_stops_before_source_or_native) ... ok
test_post_run_source_change_clears_success_and_cancellation_claim (test_native_cancellation_receipts.CancellationEvidenceTests.test_post_run_source_change_clears_success_and_cancellation_claim) ... ok
test_runner_closed_profile_binds_source_files_and_only_one_exact_entry (test_native_cancellation_receipts.CancellationEvidenceTests.test_runner_closed_profile_binds_source_files_and_only_one_exact_entry) ... ok
test_timeout_keeps_intent_prefix_primary_failure_and_unconfirmed_stop (test_native_cancellation_receipts.CancellationEvidenceTests.test_timeout_keeps_intent_prefix_primary_failure_and_unconfirmed_stop) ... ok
test_unknown_timeout_or_phantom_body_never_substitutes_for_owned_cancel (test_native_cancellation_receipts.CancellationEvidenceTests.test_unknown_timeout_or_phantom_body_never_substitutes_for_owned_cancel) ... ok
test_changed_source_after_build_never_launches_native_process (test_native_https_receipts.NativeHttpsEvidenceTests.test_changed_source_after_build_never_launches_native_process) ... ok
test_decode_keeps_only_valid_prefix_without_skipping_malformed_event (test_native_https_receipts.NativeHttpsEvidenceTests.test_decode_keeps_only_valid_prefix_without_skipping_malformed_event) ... ok
test_duplicate_event_keys_are_refused (test_native_https_receipts.NativeHttpsEvidenceTests.test_duplicate_event_keys_are_refused) ... ok
test_metadata_failure_retains_initial_incomplete_receipt (test_native_https_receipts.NativeHttpsEvidenceTests.test_metadata_failure_retains_initial_incomplete_receipt) ... ok
test_native_timeout_preserves_partial_evidence_and_never_claims_cleanup (test_native_https_receipts.NativeHttpsEvidenceTests.test_native_timeout_preserves_partial_evidence_and_never_claims_cleanup) ... ok
test_nonopted_runner_stops_before_source_build_or_native_process (test_native_https_receipts.NativeHttpsEvidenceTests.test_nonopted_runner_stops_before_source_build_or_native_process) ... ok
test_outer_timeout_retains_kill_or_reap_failure_without_retry (test_native_https_receipts.NativeHttpsEvidenceTests.test_outer_timeout_retains_kill_or_reap_failure_without_retry) ... ok
test_scope_nonce_modes_retained_bytes_clocks_and_uncertainty_cannot_false_pass (test_native_https_receipts.NativeHttpsEvidenceTests.test_scope_nonce_modes_retained_bytes_clocks_and_uncertainty_cannot_false_pass) ... ok
test_synthetic_oracle_is_complete_but_missing_duplicate_and_failed_events_refused (test_native_https_receipts.NativeHttpsEvidenceTests.test_synthetic_oracle_is_complete_but_missing_duplicate_and_failed_events_refused) ... ok
test_failure_summary_preserves_safe_capture_but_not_unchecked_result (test_python_canonical_graph.CanonicalReceiptTests.test_failure_summary_preserves_safe_capture_but_not_unchecked_result) ... ok
test_raw_duplicate_altered_and_oversize_retained_files_cannot_pass (test_python_canonical_graph.CanonicalReceiptTests.test_raw_duplicate_altered_and_oversize_retained_files_cannot_pass) ... ok
test_success_requires_host_bindings_and_parallel_assertions_without_relaxing_old_receipts (test_python_canonical_graph.CanonicalReceiptTests.test_success_requires_host_bindings_and_parallel_assertions_without_relaxing_old_receipts) ... ok
test_confirmed_failure_is_retained_and_does_not_retry (test_python_canonical_graph.CanonicalRunnerTests.test_confirmed_failure_is_retained_and_does_not_retry) ... ok
test_fresh_relocated_success_validates_after_both_integrity_checks (test_python_canonical_graph.CanonicalRunnerTests.test_fresh_relocated_success_validates_after_both_integrity_checks) ... ok
test_unconfirmed_termination_and_outer_timeout_never_read_outputs_or_post_verify (test_python_canonical_graph.CanonicalRunnerTests.test_unconfirmed_termination_and_outer_timeout_never_read_outputs_or_post_verify) ... ok
test_failed_operation_or_existing_output_never_emits_after (test_python_canonical_graph.CanonicalSourceTests.test_failed_operation_or_existing_output_never_emits_after) ... ok
test_invalid_request_identity_and_plugin_metadata_never_import (test_python_canonical_graph.CanonicalSourceTests.test_invalid_request_identity_and_plugin_metadata_never_import) ... ok
test_metadata_control_passes_without_loading_and_rejects_backend_plugins_before_import (test_python_canonical_graph.CanonicalSourceTests.test_metadata_control_passes_without_loading_and_rejects_backend_plugins_before_import) ... ok
test_validated_input_precedes_imports_and_complete_operation_is_hash_bound (test_python_canonical_graph.CanonicalSourceTests.test_validated_input_precedes_imports_and_complete_operation_is_hash_bound) ... ok
test_partial_failure_keeps_ordered_diagnostics_and_rejects_unsafe_metadata (test_python_engine_recipes.EngineReceiptTests.test_partial_failure_keeps_ordered_diagnostics_and_rejects_unsafe_metadata) ... ok
test_success_binds_original_fields_and_disallows_cross_recipe_or_combined_claims (test_python_engine_recipes.EngineReceiptTests.test_success_binds_original_fields_and_disallows_cross_recipe_or_combined_claims) ... ok
test_exact_native_selection_and_failure_survive_post_integrity (test_python_engine_recipes.EngineRunnerTests.test_exact_native_selection_and_failure_survive_post_integrity) ... ok
test_outer_timeout_does_not_retry_or_post_verify (test_python_engine_recipes.EngineRunnerTests.test_outer_timeout_does_not_retry_or_post_verify) ... ok
test_success_has_one_recipe_process_and_unchanged_prefix (test_python_engine_recipes.EngineRunnerTests.test_success_has_one_recipe_process_and_unchanged_prefix) ... ok
test_unconfirmed_native_receipt_cannot_trigger_post_verification (test_python_engine_recipes.EngineRunnerTests.test_unconfirmed_native_receipt_cannot_trigger_post_verification) ... ok
test_each_recipe_verifies_all_versions_and_only_loads_its_fixed_operation_imports (test_python_engine_recipes.EngineSourceTests.test_each_recipe_verifies_all_versions_and_only_loads_its_fixed_operation_imports) ... ok
test_import_failure_preserves_original_error_and_never_claims_ready (test_python_engine_recipes.EngineSourceTests.test_import_failure_preserves_original_error_and_never_claims_ready) ... ok
test_timing_writer_requires_fixed_order_monotonic_bounds_and_no_clobber (test_python_engine_recipes.EngineSourceTests.test_timing_writer_requires_fixed_order_monotonic_bounds_and_no_clobber) ... ok
test_wrong_assertion_never_emits_operation_after_or_a_result (test_python_engine_recipes.EngineSourceTests.test_wrong_assertion_never_emits_operation_after_or_a_result) ... ok
test_fixed_app_accepts_request_over_legacy_probe_bound_and_preserves_raw_bytes (test_python_graph_worker.GraphWorkerTests.test_fixed_app_accepts_request_over_legacy_probe_bound_and_preserves_raw_bytes) ... ok
test_future_probe_source_binding_includes_shared_extraction_and_fixed_assets (test_python_graph_worker.GraphWorkerTests.test_future_probe_source_binding_includes_shared_extraction_and_fixed_assets) ... ok
test_invalid_assignment_or_request_never_imports_networkx (test_python_graph_worker.GraphWorkerTests.test_invalid_assignment_or_request_never_imports_networkx) ... ok
test_metadata_denial_occurs_before_import_and_output_never_clobbers (test_python_graph_worker.GraphWorkerTests.test_metadata_denial_occurs_before_import_and_output_never_clobbers) ... ok
test_no_recipe_selector_and_shared_asset_versions_are_exact (test_python_graph_worker.GraphWorkerTests.test_no_recipe_selector_and_shared_asset_versions_are_exact) ... ok
test_audit_has_only_sixteen_first_seen_enums_and_at_most_eight_kib (test_python_import_diagnostics.DiagnosticsTests.test_audit_has_only_sixteen_first_seen_enums_and_at_most_eight_kib) ... ok
test_clock_regression_type_overflow_and_wrong_order_refuse_success (test_python_import_diagnostics.DiagnosticsTests.test_clock_regression_type_overflow_and_wrong_order_refuse_success) ... ok
test_noise_inactive_reentrant_and_unsafe_arguments_do_no_io_or_clock_reads (test_python_import_diagnostics.DiagnosticsTests.test_noise_inactive_reentrant_and_unsafe_arguments_do_no_io_or_clock_reads) ... ok
test_observer_io_failure_does_not_mask_import_exception_and_cannot_pass (test_python_import_diagnostics.DiagnosticsTests.test_observer_io_failure_does_not_mask_import_exception_and_cannot_pass) ... ok
test_reentrancy_drops_nested_diagnostic_events_without_clobber (test_python_import_diagnostics.DiagnosticsTests.test_reentrancy_drops_nested_diagnostic_events_without_clobber) ... ok
test_top_clocks_are_elapsed_from_origin_ordered_and_bounded (test_python_import_diagnostics.DiagnosticsTests.test_top_clocks_are_elapsed_from_origin_ordered_and_bounded) ... ok
test_writer_refuses_oversize_and_existing_file_without_modification (test_python_import_diagnostics.DiagnosticsTests.test_writer_refuses_oversize_and_existing_file_without_modification) ... ok
test_absent_events_and_invalid_stream_with_safe_prefix_remain_distinct (test_python_import_diagnostics.ReaderTests.test_absent_events_and_invalid_stream_with_safe_prefix_remain_distinct) ... ok
test_runner_rejects_extra_names_fields_clocks_gaps_counts_and_duplicate_attempts (test_python_import_diagnostics.ReaderTests.test_runner_rejects_extra_names_fields_clocks_gaps_counts_and_duplicate_attempts) ... ok
test_closed_failures_reject_untrusted_paths_counts_and_arbitrary_fields (test_python_isolation_contracts.IsolationContracts.test_closed_failures_reject_untrusted_paths_counts_and_arbitrary_fields) ... ok
test_file_probe_opens_write_only_without_truncation_or_write_calls (test_python_isolation_contracts.IsolationContracts.test_file_probe_opens_write_only_without_truncation_or_write_calls) ... ok
test_hostile_receipt_requires_denial_controls_nonce_and_zero_delivery (test_python_isolation_contracts.IsolationContracts.test_hostile_receipt_requires_denial_controls_nonce_and_zero_delivery) ... ok
test_measurement_rejects_debug_profile_candidate_execution_stale_nonce_and_missing_duration (test_python_isolation_contracts.IsolationContracts.test_measurement_rejects_debug_profile_candidate_execution_stale_nonce_and_missing_duration) ... ok
test_network_attempt_reports_send_and_echo_independently_without_real_socket (test_python_isolation_contracts.IsolationContracts.test_network_attempt_reports_send_and_echo_independently_without_real_socket) ... ok
test_release_build_requires_optimized_non_debug_artifact (test_python_isolation_contracts.IsolationContracts.test_release_build_requires_optimized_non_debug_artifact) ... ok
test_udp_send_acceptance_never_substitutes_for_parent_delivery_observation (test_python_isolation_contracts.IsolationContracts.test_udp_send_acceptance_never_substitutes_for_parent_delivery_observation) ... ok
test_failed_relocation_or_build_cannot_launch_candidate (test_python_isolation_contracts.IsolationRunnerContracts.test_failed_relocation_or_build_cannot_launch_candidate) ... ok
test_hostile_failure_still_checks_both_prefixes_after_confirmed_termination (test_python_isolation_contracts.IsolationRunnerContracts.test_hostile_failure_still_checks_both_prefixes_after_confirmed_termination) ... ok
test_measurement_runs_only_fixed_trusted_rust_test_without_candidate_flag (test_python_isolation_contracts.IsolationRunnerContracts.test_measurement_runs_only_fixed_trusted_rust_test_without_candidate_flag) ... ok
test_outer_timeout_retains_parent_identity_without_prefix_verification_or_retry (test_python_isolation_contracts.IsolationRunnerContracts.test_outer_timeout_retains_parent_identity_without_prefix_verification_or_retry) ... ok
test_unverified_worker_termination_does_not_hash_prefixes_or_retry (test_python_isolation_contracts.IsolationRunnerContracts.test_unverified_worker_termination_does_not_hash_prefixes_or_retry) ... ok
test_cleanup_failure_is_explicit_and_partial_output_is_retained (test_python_isolation_contracts.RelocationContracts.test_cleanup_failure_is_explicit_and_partial_output_is_retained) ... ok
test_existing_nested_or_linked_destinations_fail_without_source_mutation (test_python_isolation_contracts.RelocationContracts.test_existing_nested_or_linked_destinations_fail_without_source_mutation) ... ok
test_fresh_copy_preserves_all_bytes_modes_and_has_no_shared_inode (test_python_isolation_contracts.RelocationContracts.test_fresh_copy_preserves_all_bytes_modes_and_has_no_shared_inode) ... ok
test_link_hardlink_unlisted_and_hash_corruption_are_rejected (test_python_isolation_contracts.RelocationContracts.test_link_hardlink_unlisted_and_hash_corruption_are_rejected) ... ok
test_midcopy_source_change_removes_only_owned_partial_destination (test_python_isolation_contracts.RelocationContracts.test_midcopy_source_change_removes_only_owned_partial_destination) ... ok
test_defaults_duplicate_names_and_oversize_hooks_reject (test_python_native_preflight.StaticMetadataTests.test_defaults_duplicate_names_and_oversize_hooks_reject) ... ok
test_entry_point_case_is_preserved_and_never_evaluated (test_python_native_preflight.StaticMetadataTests.test_entry_point_case_is_preserved_and_never_evaluated) ... ok
test_loader_command_parser_excludes_arbitrary_tool_prefix (test_python_native_preflight.StaticMetadataTests.test_loader_command_parser_excludes_arbitrary_tool_prefix) ... ok
test_local_system_weak_and_library_identity_are_distinct (test_python_native_preflight.StaticMetadataTests.test_local_system_weak_and_library_identity_are_distinct) ... ok
test_malformed_and_control_loader_fields_reject (test_python_native_preflight.StaticMetadataTests.test_malformed_and_control_loader_fields_reject) ... ok
test_missing_and_ambiguous_dependencies_remain_unresolved (test_python_native_preflight.StaticMetadataTests.test_missing_and_ambiguous_dependencies_remain_unresolved) ... ok
test_no_clobber_report (test_python_native_preflight.StaticMetadataTests.test_no_clobber_report) ... ok
test_only_reviewed_header_spread_is_accepted (test_python_native_preflight.StaticMetadataTests.test_only_reviewed_header_spread_is_accepted) ... ok
test_parent_escape_and_unreviewed_rpath_are_rejected (test_python_native_preflight.StaticMetadataTests.test_parent_escape_and_unreviewed_rpath_are_rejected) ... ok
test_tool_failure_and_oversize_output_cannot_publish_output (test_python_native_preflight.StaticMetadataTests.test_tool_failure_and_oversize_output_cannot_publish_output) ... ok
test_tool_timeout_retains_failure_and_removes_temporary_output (test_python_native_preflight.StaticMetadataTests.test_tool_timeout_retains_failure_and_removes_temporary_output) ... ok
test_changed_runtime_source_after_copy_causes_rollback (test_python_offline_install.OfflineInstallationTests.test_changed_runtime_source_after_copy_causes_rollback) ... ok
test_changed_wheel_source_after_inspection_causes_rollback (test_python_offline_install.OfflineInstallationTests.test_changed_wheel_source_after_inspection_causes_rollback) ... ok
test_cleanup_failure_is_incomplete_and_retains_preceding_failure (test_python_offline_install.OfflineInstallationTests.test_cleanup_failure_is_incomplete_and_retains_preceding_failure) ... ok
test_completed_copy_corruption_is_caught_by_independent_reader (test_python_offline_install.OfflineInstallationTests.test_completed_copy_corruption_is_caught_by_independent_reader) ... ok
test_corrupt_crc_is_rejected_even_with_matching_archive_pin (test_python_offline_install.OfflineInstallationTests.test_corrupt_crc_is_rejected_even_with_matching_archive_pin) ... ok
test_deterministic_manifest_and_separate_reader (test_python_offline_install.OfflineInstallationTests.test_deterministic_manifest_and_separate_reader) ... ok
test_existing_destination_and_symlinked_parents_are_not_clobbered (test_python_offline_install.OfflineInstallationTests.test_existing_destination_and_symlinked_parents_are_not_clobbered) ... ok
test_header_record_is_relocated_and_original_record_retained (test_python_offline_install.OfflineInstallationTests.test_header_record_is_relocated_and_original_record_retained) ... ok
test_independent_reader_rejects_extra_link_wrong_mode_and_record (test_python_offline_install.OfflineInstallationTests.test_independent_reader_rejects_extra_link_wrong_mode_and_record) ... ok
test_linked_input_file_and_parent_reject (test_python_offline_install.OfflineInstallationTests.test_linked_input_file_and_parent_reject) ... ok
test_output_inside_either_immutable_input_is_rejected_before_creation (test_python_offline_install.OfflineInstallationTests.test_output_inside_either_immutable_input_is_rejected_before_creation) ... ok
test_output_limits_fail_without_partial_success (test_python_offline_install.OfflineInstallationTests.test_output_limits_fail_without_partial_success) ... ok
test_preserves_bytes_notices_pth_original_record_and_omits_execution (test_python_offline_install.OfflineInstallationTests.test_preserves_bytes_notices_pth_original_record_and_omits_execution) ... ok
test_runtime_and_wheel_collision_preserves_immutable_input (test_python_offline_install.OfflineInstallationTests.test_runtime_and_wheel_collision_preserves_immutable_input) ... ok
test_source_record_duplicates_omissions_and_wrong_hashes_reject (test_python_offline_install.OfflineInstallationTests.test_source_record_duplicates_omissions_and_wrong_hashes_reject) ... ok
test_special_archive_members_and_unreviewed_spread_reject (test_python_offline_install.OfflineInstallationTests.test_special_archive_members_and_unreviewed_spread_reject) ... ok
test_unknown_new_root_identity_retains_incomplete_output_safely (test_python_offline_install.OfflineInstallationTests.test_unknown_new_root_identity_retains_incomplete_output_safely) ... ok
test_unsafe_duplicate_and_colliding_archive_members (test_python_offline_install.OfflineInstallationTests.test_unsafe_duplicate_and_colliding_archive_members) ... ok
test_wrong_archive_digest_is_rejected_before_zip_access (test_python_offline_install.OfflineInstallationTests.test_wrong_archive_digest_is_rejected_before_zip_access) ... ok
test_record_paths_hashes_and_blank_self_are_explicit (test_python_offline_install.PortableInstallTests.test_record_paths_hashes_and_blank_self_are_explicit) ... ok
test_unsupported_host_refuses_before_opening_sources (test_python_offline_install.PortableInstallTests.test_unsupported_host_refuses_before_opening_sources) ... ok
test_bootstrap_json_rejects_duplicate_oversize_and_clobber (test_python_probe_contracts.ProbeContractTests.test_bootstrap_json_rejects_duplicate_oversize_and_clobber) ... ok
test_bootstrap_paths_reject_injected_cwd_user_site_duplicates_and_missing_stdlib (test_python_probe_contracts.ProbeContractTests.test_bootstrap_paths_reject_injected_cwd_user_site_duplicates_and_missing_stdlib) ... ok
test_failure_receipt_keeps_safe_identity_but_never_arbitrary_paths_or_results (test_python_probe_contracts.ProbeContractTests.test_failure_receipt_keeps_safe_identity_but_never_arbitrary_paths_or_results) ... ok
test_import_diagnostics_retain_exact_order_and_failed_import_boundary (test_python_probe_contracts.ProbeContractTests.test_import_diagnostics_retain_exact_order_and_failed_import_boundary) ... ok
test_initial_failure_receipt_permits_only_unassigned_null_identities (test_python_probe_contracts.ProbeContractTests.test_initial_failure_receipt_permits_only_unassigned_null_identities) ... ok
test_metadata_normalizes_names_but_rejects_duplicate_wrong_or_missing_versions (test_python_probe_contracts.ProbeContractTests.test_metadata_normalizes_names_but_rejects_duplicate_wrong_or_missing_versions) ... ok
test_native_receipt_binds_campaign_job_source_interpreter_and_termination (test_python_probe_contracts.ProbeContractTests.test_native_receipt_binds_campaign_job_source_interpreter_and_termination) ... ok
test_source_preflight_rejects_nonignored_untracked_files (test_python_probe_contracts.ProbeContractTests.test_source_preflight_rejects_nonignored_untracked_files) ... ok
test_artifact_output_refuses_existing_nested_and_linked_ancestors (test_python_probe_contracts.ProbeRunnerTests.test_artifact_output_refuses_existing_nested_and_linked_ancestors) ... ok
test_failed_native_keeps_checked_identities_and_fixed_failure (test_python_probe_contracts.ProbeRunnerTests.test_failed_native_keeps_checked_identities_and_fixed_failure) ... ok
test_initial_failure_saved_before_compilation_and_contains_fresh_campaign (test_python_probe_contracts.ProbeRunnerTests.test_initial_failure_saved_before_compilation_and_contains_fresh_campaign) ... ok
test_mocked_native_success_requires_bound_campaign_not_previous_report (test_python_probe_contracts.ProbeRunnerTests.test_mocked_native_success_requires_bound_campaign_not_previous_report) ... ok
test_outer_timeout_retains_initial_native_identity_without_retry_or_scratch_read (test_python_probe_contracts.ProbeRunnerTests.test_outer_timeout_retains_initial_native_identity_without_retry_or_scratch_read) ... ok
test_quota_failure_retains_partial_timing_and_invalid_diagnostic_without_replacing_cause (test_python_probe_contracts.ProbeRunnerTests.test_quota_failure_retains_partial_timing_and_invalid_diagnostic_without_replacing_cause) ... ok
test_unsupported_platform_never_verifies_or_spawns_candidate (test_python_probe_contracts.ProbeRunnerTests.test_unsupported_platform_never_verifies_or_spawns_candidate) ... ok
test_archive_change_after_initial_hash_cannot_publish_manifest (test_python_runtime_staging.PythonRuntimeStaging.test_archive_change_after_initial_hash_cannot_publish_manifest) ... ok
test_count_depth_file_payload_output_and_decompressed_bounds (test_python_runtime_staging.PythonRuntimeStaging.test_count_depth_file_payload_output_and_decompressed_bounds) ... ok
test_existing_destination_is_unchanged (test_python_runtime_staging.PythonRuntimeStaging.test_existing_destination_is_unchanged) ... ok
test_hash_and_size_fail_before_decoder_or_output_creation (test_python_runtime_staging.PythonRuntimeStaging.test_hash_and_size_fail_before_decoder_or_output_creation) ... ok
test_licence_and_runtime_identity_are_required (test_python_runtime_staging.PythonRuntimeStaging.test_licence_and_runtime_identity_are_required) ... ok
test_link_targets_and_sets_are_exact (test_python_runtime_staging.PythonRuntimeStaging.test_link_targets_and_sets_are_exact) ... ok
test_manifest_is_deterministic_and_matches_retained_files (test_python_runtime_staging.PythonRuntimeStaging.test_manifest_is_deterministic_and_matches_retained_files) ... ok
test_manifest_write_failure_and_unexpected_link_never_pass (test_python_runtime_staging.PythonRuntimeStaging.test_manifest_write_failure_and_unexpected_link_never_pass) ... ok
test_missing_destination_parent_fails_without_creating_it (test_python_runtime_staging.PythonRuntimeStaging.test_missing_destination_parent_fails_without_creating_it) ... ok
test_missing_zstd_is_a_lazy_clear_build_prerequisite (test_python_runtime_staging.PythonRuntimeStaging.test_missing_zstd_is_a_lazy_clear_build_prerequisite) ... ok
test_modified_or_unexpected_output_fails_final_verification (test_python_runtime_staging.PythonRuntimeStaging.test_modified_or_unexpected_output_fails_final_verification) ... ok
test_partial_copy_failure_and_cleanup_failure_are_not_success (test_python_runtime_staging.PythonRuntimeStaging.test_partial_copy_failure_and_cleanup_failure_are_not_success) ... ok
test_paths_duplicate_case_collision_and_file_parent_conflicts (test_python_runtime_staging.PythonRuntimeStaging.test_paths_duplicate_case_collision_and_file_parent_conflicts) ... ok
test_permission_normalization_is_independent_of_umask (test_python_runtime_staging.PythonRuntimeStaging.test_permission_normalization_is_independent_of_umask) ... ok
test_special_sparse_privileged_and_unsupported_pax_members (test_python_runtime_staging.PythonRuntimeStaging.test_special_sparse_privileged_and_unsupported_pax_members) ... ok
test_success_preserves_notices_and_metadata_materializes_all_ten_links (test_python_runtime_staging.PythonRuntimeStaging.test_success_preserves_notices_and_metadata_materializes_all_ten_links) ... ok
test_symlinked_input_and_output_parents_and_hardlinked_input_reject (test_python_runtime_staging.PythonRuntimeStaging.test_symlinked_input_and_output_parents_and_hardlinked_input_reject) ... ok
test_truncated_archive_and_decoder_failure_leave_no_output (test_python_runtime_staging.PythonRuntimeStaging.test_truncated_archive_and_decoder_failure_leave_no_output) ... ok
test_unknown_root_identity_retains_partial_output_and_failed_receipt (test_python_runtime_staging.PythonRuntimeStaging.test_unknown_root_identity_retains_partial_output_and_failed_receipt) ... ok
test_non_posix_host_refuses_before_file_access (test_python_runtime_staging.PythonStagingPortableBoundary.test_non_posix_host_refuses_before_file_access) ... ok
test_complete_target_sets_match_reviewed_closure_and_keep_windows_markers (test_python_target_plans.TargetPlanTests.test_complete_target_sets_match_reviewed_closure_and_keep_windows_markers) ... ok
test_duplicate_unknown_extra_or_unlocked_artifact_is_rejected (test_python_target_plans.TargetPlanTests.test_duplicate_unknown_extra_or_unlocked_artifact_is_rejected) ... ok
test_locked_artifact_still_requires_every_tag_to_be_reviewed_and_python3_capable (test_python_target_plans.TargetPlanTests.test_locked_artifact_still_requires_every_tag_to_be_reviewed_and_python3_capable) ... ok
test_missing_windows_only_dependency_and_wrong_target_wheel_fail (test_python_target_plans.TargetPlanTests.test_missing_windows_only_dependency_and_wrong_target_wheel_fail) ... ok
test_new_dependency_marker_or_missing_locked_package_needs_review (test_python_target_plans.TargetPlanTests.test_new_dependency_marker_or_missing_locked_package_needs_review) ... ok
test_explicit_tag_contract_rejects_wrong_version_abi_platform_and_sdist (test_python_wheelhouse_staging.PortableWheelhouseTests.test_explicit_tag_contract_rejects_wrong_version_abi_platform_and_sdist) ... ok
test_unsupported_host_refuses_before_selection_or_input_access (test_python_wheelhouse_staging.PortableWheelhouseTests.test_unsupported_host_refuses_before_selection_or_input_access) ... ok
test_missing_duplicate_ambiguous_or_changed_artifact_declarations_reject (test_python_wheelhouse_staging.WheelhouseSelectionTests.test_missing_duplicate_ambiguous_or_changed_artifact_declarations_reject) ... ok
test_plan_lock_and_project_changes_fail_closed (test_python_wheelhouse_staging.WheelhouseSelectionTests.test_plan_lock_and_project_changes_fail_closed) ... ok
test_reviewed_production_selection_is_exact_without_network (test_python_wheelhouse_staging.WheelhouseSelectionTests.test_reviewed_production_selection_is_exact_without_network) ... ok
test_copy_failure_cleanup_failure_and_unknown_identity_remain_failed (test_python_wheelhouse_staging.WheelhouseStagingTests.test_copy_failure_cleanup_failure_and_unknown_identity_remain_failed) ... ok
test_corrupt_crc_encryption_and_unsupported_compression_reject (test_python_wheelhouse_staging.WheelhouseStagingTests.test_corrupt_crc_encryption_and_unsupported_compression_reject) ... ok
test_decompression_errors_get_sanitized_receipts (test_python_wheelhouse_staging.WheelhouseStagingTests.test_decompression_errors_get_sanitized_receipts) ... ok
test_existing_destination_and_parent_symlinks_do_not_clobber (test_python_wheelhouse_staging.WheelhouseStagingTests.test_existing_destination_and_parent_symlinks_do_not_clobber) ... ok
test_expanded_member_notice_metadata_and_count_limits_fail_closed (test_python_wheelhouse_staging.WheelhouseStagingTests.test_expanded_member_notice_metadata_and_count_limits_fail_closed) ... ok
test_input_change_after_inspection_rolls_back (test_python_wheelhouse_staging.WheelhouseStagingTests.test_input_change_after_inspection_rolls_back) ... ok
test_input_symlink_and_hardlink_are_rejected (test_python_wheelhouse_staging.WheelhouseStagingTests.test_input_symlink_and_hardlink_are_rejected) ... ok
test_manifest_is_deterministic_and_independently_matches_all_files (test_python_wheelhouse_staging.WheelhouseStagingTests.test_manifest_is_deterministic_and_independently_matches_all_files) ... ok
test_metadata_identity_duplicates_tags_and_declared_notices_reject (test_python_wheelhouse_staging.WheelhouseStagingTests.test_metadata_identity_duplicates_tags_and_declared_notices_reject) ... ok
test_missing_extra_alternate_and_sdist_inputs_are_rejected (test_python_wheelhouse_staging.WheelhouseStagingTests.test_missing_extra_alternate_and_sdist_inputs_are_rejected) ... ok
test_paths_duplicates_collisions_and_file_parents_reject (test_python_wheelhouse_staging.WheelhouseStagingTests.test_paths_duplicates_collisions_and_file_parents_reject) ... ok
test_special_links_and_root_distribution_ambiguity_reject (test_python_wheelhouse_staging.WheelhouseStagingTests.test_special_links_and_root_distribution_ambiguity_reject) ... ok
test_success_is_archives_only_preserves_bytes_notices_and_metadata (test_python_wheelhouse_staging.WheelhouseStagingTests.test_success_is_archives_only_preserves_bytes_notices_and_metadata) ... ok
test_wrong_digest_is_rejected_before_zip_inspection (test_python_wheelhouse_staging.WheelhouseStagingTests.test_wrong_digest_is_rejected_before_zip_inspection) ... ok
test_artifact_and_attachment_tampering (test_release_evidence.ReleaseEvidenceTests.test_artifact_and_attachment_tampering) ... ok
test_artifact_paths_and_receipt_links_are_rejected (test_release_evidence.ReleaseEvidenceTests.test_artifact_paths_and_receipt_links_are_rejected) ... ok
test_candidate_policy_and_fixture_bindings_cannot_be_stale (test_release_evidence.ReleaseEvidenceTests.test_candidate_policy_and_fixture_bindings_cannot_be_stale) ... ok
test_complete_synthetic_ledger_requires_actual_artifact_bytes (test_release_evidence.ReleaseEvidenceTests.test_complete_synthetic_ledger_requires_actual_artifact_bytes) ... ok
test_current_repository_policy_has_no_passed_gates (test_release_evidence.ReleaseEvidenceTests.test_current_repository_policy_has_no_passed_gates) ... ok
test_fixture_integrity_and_scenario_coverage (test_release_evidence.ReleaseEvidenceTests.test_fixture_integrity_and_scenario_coverage) ... ok
test_future_observation_and_review_before_observation (test_release_evidence.ReleaseEvidenceTests.test_future_observation_and_review_before_observation) ... ok
test_invalid_or_unsupported_os_and_wrong_architecture (test_release_evidence.ReleaseEvidenceTests.test_invalid_or_unsupported_os_and_wrong_architecture) ... ok
test_later_failure_cannot_be_hidden_by_rejecting_it (test_release_evidence.ReleaseEvidenceTests.test_later_failure_cannot_be_hidden_by_rejecting_it) ... ok
test_later_failure_using_old_policy_cannot_be_hidden (test_release_evidence.ReleaseEvidenceTests.test_later_failure_using_old_policy_cannot_be_hidden) ... ok
test_malformed_json_and_naked_boolean_claims_fail_under_optimization (test_release_evidence.ReleaseEvidenceTests.test_malformed_json_and_naked_boolean_claims_fail_under_optimization) ... ok
test_minimum_os_must_be_observed (test_release_evidence.ReleaseEvidenceTests.test_minimum_os_must_be_observed) ... ok
test_missing_gate_platform_evidence_blocks_claim (test_release_evidence.ReleaseEvidenceTests.test_missing_gate_platform_evidence_blocks_claim) ... ok
test_pass_on_another_os_cannot_hide_a_retained_failure (test_release_evidence.ReleaseEvidenceTests.test_pass_on_another_os_cannot_hide_a_retained_failure) ... ok
test_pending_or_rejected_review_never_passes (test_release_evidence.ReleaseEvidenceTests.test_pending_or_rejected_review_never_passes) ... ok
test_policy_cannot_remove_or_vacuously_pass_gates (test_release_evidence.ReleaseEvidenceTests.test_policy_cannot_remove_or_vacuously_pass_gates) ... ok
test_policy_change_does_not_erase_observed_os_test_obligations (test_release_evidence.ReleaseEvidenceTests.test_policy_change_does_not_erase_observed_os_test_obligations) ... ok
test_policy_check_never_reports_a_complete_release (test_release_evidence.ReleaseEvidenceTests.test_policy_check_never_reports_a_complete_release) ... ok
test_review_must_exist_and_bind_to_the_observation (test_release_evidence.ReleaseEvidenceTests.test_review_must_exist_and_bind_to_the_observation) ... ok
test_security_gate_requires_security_reviewer (test_release_evidence.ReleaseEvidenceTests.test_security_gate_requires_security_reviewer) ... ok
test_stale_observations_are_retained_but_cannot_pass (test_release_evidence.ReleaseEvidenceTests.test_stale_observations_are_retained_but_cannot_pass) ... ok
test_unknown_support_boundary_never_qualifies (test_release_evidence.ReleaseEvidenceTests.test_unknown_support_boundary_never_qualifies) ... ok
test_unsupported_ledger_and_evidence_schemas_and_duplicate_ids (test_release_evidence.ReleaseEvidenceTests.test_unsupported_ledger_and_evidence_schemas_and_duplicate_ids) ... ok
test_windows_specific_gate_cannot_use_mac_evidence (test_release_evidence.ReleaseEvidenceTests.test_windows_specific_gate_cannot_use_mac_evidence) ... ok
test_wrong_procedure_source_ci_and_old_observations_do_not_qualify (test_release_evidence.ReleaseEvidenceTests.test_wrong_procedure_source_ci_and_old_observations_do_not_qualify) ... ok
test_wrong_review_identity_decision_and_role (test_release_evidence.ReleaseEvidenceTests.test_wrong_review_identity_decision_and_role) ... ok
test_changed_evidence_is_rejected (test_release_readiness.ReadinessTests.test_changed_evidence_is_rejected) ... ok
test_cli_oserror_omits_private_paths (test_release_readiness.ReadinessTests.test_cli_oserror_omits_private_paths) ... ok
test_confirmation_expires_at_checkpoint_despite_later_declared_validity (test_release_readiness.ReadinessTests.test_confirmation_expires_at_checkpoint_despite_later_declared_validity) ... ok
test_confirmation_requires_evidence_and_responsible_role (test_release_readiness.ReadinessTests.test_confirmation_requires_evidence_and_responsible_role) ... ok
test_duplicate_json_keys_rejected (test_release_readiness.ReadinessTests.test_duplicate_json_keys_rejected) ... ok
test_explicit_confirmation_can_establish_access_readiness (test_release_readiness.ReadinessTests.test_explicit_confirmation_can_establish_access_readiness) ... ok
test_explicit_validity_can_expire_before_checkpoint (test_release_readiness.ReadinessTests.test_explicit_validity_can_expire_before_checkpoint) ... ok
test_fresh_reconfirmation_renews_only_through_programme_end (test_release_readiness.ReadinessTests.test_fresh_reconfirmation_renews_only_through_programme_end) ... ok
test_future_assessment_and_future_evidence_rejected (test_release_readiness.ReadinessTests.test_future_assessment_and_future_evidence_rejected) ... ok
test_invalid_confirmation_validity_is_rejected (test_release_readiness.ReadinessTests.test_invalid_confirmation_validity_is_rejected) ... ok
test_invalid_dates_and_late_access_checkpoints_rejected (test_release_readiness.ReadinessTests.test_invalid_dates_and_late_access_checkpoints_rejected) ... ok
test_missing_requires_explicit_unavailability (test_release_readiness.ReadinessTests.test_missing_requires_explicit_unavailability) ... ok
test_native_windows_junction_root_is_rejected (test_release_readiness.ReadinessTests.test_native_windows_junction_root_is_rejected) ... skipped 'Windows junction-specific check'
test_overdue_is_distinct_from_missing (test_release_readiness.ReadinessTests.test_overdue_is_distinct_from_missing) ... ok
test_repository_record_is_consistent (test_release_readiness.ReadinessTests.test_repository_record_is_consistent) ... ok
test_requirement_cannot_be_deleted_or_duplicated (test_release_readiness.ReadinessTests.test_requirement_cannot_be_deleted_or_duplicated) ... ok
test_root_parent_and_file_reparse_flags_are_rejected (test_release_readiness.ReadinessTests.test_root_parent_and_file_reparse_flags_are_rejected) ... ok
test_stale_cli_fails_under_python_optimization (test_release_readiness.ReadinessTests.test_stale_cli_fails_under_python_optimization) ... ok
test_unresolved_cannot_claim_confirmation (test_release_readiness.ReadinessTests.test_unresolved_cannot_claim_confirmation) ... ok
test_unresolved_record_is_consistent_but_not_ready (test_release_readiness.ReadinessTests.test_unresolved_record_is_consistent_but_not_ready) ... ok
test_unsafe_and_absent_evidence_is_rejected (test_release_readiness.ReadinessTests.test_unsafe_and_absent_evidence_is_rejected) ... ok
test_additional_advertised_assets_must_exist (test_runtime_bundle.RuntimeInventoryTests.test_additional_advertised_assets_must_exist) ... ok
test_bad_types_schemas_hashes_and_sizes (test_runtime_bundle.RuntimeInventoryTests.test_bad_types_schemas_hashes_and_sizes) ... ok
test_bounded_errors (test_runtime_bundle.RuntimeInventoryTests.test_bounded_errors) ... ok
test_cli_exit_codes_remain_fail_closed_under_python_optimization (test_runtime_bundle.RuntimeInventoryTests.test_cli_exit_codes_remain_fail_closed_under_python_optimization) ... ok
test_complete_target_inventories_and_advertised_assets (test_runtime_bundle.RuntimeInventoryTests.test_complete_target_inventories_and_advertised_assets) ... ok
test_duplicate_components_and_file_references (test_runtime_bundle.RuntimeInventoryTests.test_duplicate_components_and_file_references) ... ok
test_duplicate_or_colliding_file_declarations (test_runtime_bundle.RuntimeInventoryTests.test_duplicate_or_colliding_file_declarations) ... ok
test_empty_development_inventory_is_incomplete (test_runtime_bundle.RuntimeInventoryTests.test_empty_development_inventory_is_incomplete) ... ok
test_english_cannot_be_removed_from_advertisement (test_runtime_bundle.RuntimeInventoryTests.test_english_cannot_be_removed_from_advertisement) ... ok
test_file_mutation_during_hashing_is_rejected (test_runtime_bundle.RuntimeInventoryTests.test_file_mutation_during_hashing_is_rejected) ... ok
test_hardlink_is_rejected (test_runtime_bundle.RuntimeInventoryTests.test_hardlink_is_rejected) ... ok
test_invalid_versions_and_engine_mismatch (test_runtime_bundle.RuntimeInventoryTests.test_invalid_versions_and_engine_mismatch) ... ok
test_linked_file_and_directory_are_not_followed (test_runtime_bundle.RuntimeInventoryTests.test_linked_file_and_directory_are_not_followed) ... ok
test_linked_root_is_rejected (test_runtime_bundle.RuntimeInventoryTests.test_linked_root_is_rejected) ... ok
test_malformed_duplicate_and_oversized_json (test_runtime_bundle.RuntimeInventoryTests.test_malformed_duplicate_and_oversized_json) ... ok
test_missing_and_changed_file_identify_component (test_runtime_bundle.RuntimeInventoryTests.test_missing_and_changed_file_identify_component) ... ok
test_path_and_handle_timestamp_differences_do_not_reject_valid_bytes (test_runtime_bundle.RuntimeInventoryTests.test_path_and_handle_timestamp_differences_do_not_reject_valid_bytes) ... ok
test_unknown_empty_or_unadvertised_components (test_runtime_bundle.RuntimeInventoryTests.test_unknown_empty_or_unadvertised_components) ... ok
test_unlisted_files_and_undeclared_references (test_runtime_bundle.RuntimeInventoryTests.test_unlisted_files_and_undeclared_references) ... ok
test_unowned_file (test_runtime_bundle.RuntimeInventoryTests.test_unowned_file) ... ok
test_unreadable_input_does_not_leak_absolute_paths (test_runtime_bundle.RuntimeInventoryTests.test_unreadable_input_does_not_leak_absolute_paths) ... ok
test_unsafe_paths (test_runtime_bundle.RuntimeInventoryTests.test_unsafe_paths) ... ok
test_windows_directory_junction (test_runtime_bundle.RuntimeInventoryTests.test_windows_directory_junction) ... skipped 'Windows junction-specific check'
test_windows_requires_fixed_webview (test_runtime_bundle.RuntimeInventoryTests.test_windows_requires_fixed_webview) ... ok
test_wrong_target (test_runtime_bundle.RuntimeInventoryTests.test_wrong_target) ... ok
test_checks_are_not_removed_under_optimized_python (test_transaction_csv.CsvVerificationTests.test_checks_are_not_removed_under_optimized_python) ... ok
test_correct_digest_cannot_hide_missing_prefix_or_invalid_integer (test_transaction_csv.CsvVerificationTests.test_correct_digest_cannot_hide_missing_prefix_or_invalid_integer) ... ok
test_failed_metadata_is_retained_without_assumed_command_result (test_transaction_csv.CsvVerificationTests.test_failed_metadata_is_retained_without_assumed_command_result) ... ok
test_format_identity_is_independent_of_dto_object_order (test_transaction_csv.CsvVerificationTests.test_format_identity_is_independent_of_dto_object_order) ... ok
test_independent_decoder_preserves_exact_text_nulls_and_extreme_decimal (test_transaction_csv.CsvVerificationTests.test_independent_decoder_preserves_exact_text_nulls_and_extreme_decimal) ... ok
test_truncated_substituted_or_inconsistent_response_is_not_success (test_transaction_csv.CsvVerificationTests.test_truncated_substituted_or_inconsistent_response_is_not_success) ... ok
test_copy_never_overwrites_source_or_existing_destination (test_transaction_pages.PageBenchmarkTests.test_copy_never_overwrites_source_or_existing_destination) ... ok
test_failed_preflight_retains_distinct_observations (test_transaction_pages.PageBenchmarkTests.test_failed_preflight_retains_distinct_observations) ... ok
test_metadata_tool_failure_retains_report_before_source_preflight (test_transaction_pages.PageBenchmarkTests.test_metadata_tool_failure_retains_report_before_source_preflight) ... ok
test_source_with_live_sidecar_is_rejected_before_copy (test_transaction_pages.PageBenchmarkTests.test_source_with_live_sidecar_is_rejected_before_copy) ... ok
test_summary_keeps_first_call_and_uses_twenty_warm_samples (test_transaction_pages.PageBenchmarkTests.test_summary_keeps_first_call_and_uses_twenty_warm_samples) ... ok
test_actual_timeout_retains_partial_output_without_success (test_transaction_performance.EvidenceTests.test_actual_timeout_retains_partial_output_without_success) ... ok
test_failed_build_is_retained_and_all_queries_remain_not_run (test_transaction_performance.EvidenceTests.test_failed_build_is_retained_and_all_queries_remain_not_run) ... ok
test_html_partition_is_exact_and_does_not_treat_escaped_text_as_heading (test_transaction_performance.EvidenceTests.test_html_partition_is_exact_and_does_not_treat_escaped_text_as_heading) ... ok
test_missing_duplicate_failed_and_invalid_samples_never_pass (test_transaction_performance.EvidenceTests.test_missing_duplicate_failed_and_invalid_samples_never_pass) ... ok
test_partial_canonical_setup_is_retained_without_query_execution (test_transaction_performance.EvidenceTests.test_partial_canonical_setup_is_retained_without_query_execution) ... ok
test_partial_jsonl_does_not_manufacture_a_measurement (test_transaction_performance.EvidenceTests.test_partial_jsonl_does_not_manufacture_a_measurement) ... ok
test_rss_units_are_platform_explicit_and_missing_is_not_zero (test_transaction_performance.EvidenceTests.test_rss_units_are_platform_explicit_and_missing_is_not_zero) ... ok
test_three_samples_descriptive_p95_is_max_never_release_gate (test_transaction_performance.EvidenceTests.test_three_samples_descriptive_p95_is_max_never_release_gate) ... ok
test_arbitrary_diagnostics_are_not_copied_to_the_artifact (test_windows_coordinator_receipts.ContractTests.test_arbitrary_diagnostics_are_not_copied_to_the_artifact) ... ok
test_duplicate_json_nonfinite_and_oversize_reject (test_windows_coordinator_receipts.ContractTests.test_duplicate_json_nonfinite_and_oversize_reject) ... ok
test_failed_job_observation_is_bounded_and_not_a_success_claim (test_windows_coordinator_receipts.ContractTests.test_failed_job_observation_is_bounded_and_not_a_success_claim) ... ok
test_partial_receipt_cannot_become_success (test_windows_coordinator_receipts.ContractTests.test_partial_receipt_cannot_become_success) ... ok
test_requires_every_exact_case_and_both_source_identities (test_windows_coordinator_receipts.ContractTests.test_requires_every_exact_case_and_both_source_identities) ... ok
test_source_identity_rejects_nonignored_untracked_modules (test_windows_coordinator_receipts.ContractTests.test_source_identity_rejects_nonignored_untracked_modules) ... ok
test_wrong_duplicate_absent_and_unbound_derivatives_reject (test_windows_coordinator_receipts.ContractTests.test_wrong_duplicate_absent_and_unbound_derivatives_reject) ... ok
test_nonzero_exit_overrides_a_complete_receipt (test_windows_coordinator_receipts.RunnerTests.test_nonzero_exit_overrides_a_complete_receipt) ... ok
test_runner_initializes_failed_before_launch_and_accepts_only_exact_run (test_windows_coordinator_receipts.RunnerTests.test_runner_initializes_failed_before_launch_and_accepts_only_exact_run) ... ok
test_runtime_identity_change_refuses_success (test_windows_coordinator_receipts.RunnerTests.test_runtime_identity_change_refuses_success) ... ok
test_timeout_cannot_leave_earlier_or_late_success (test_windows_coordinator_receipts.RunnerTests.test_timeout_cannot_leave_earlier_or_late_success) ... ok
test_unknown_output_is_redacted_and_malformed_receipt_fails (test_windows_coordinator_receipts.RunnerTests.test_unknown_output_is_redacted_and_malformed_receipt_fails) ... ok
test_untracked_source_preflight_replaces_old_success_without_launch (test_windows_coordinator_receipts.RunnerTests.test_untracked_source_preflight_replaces_old_success_without_launch) ... ok
test_cancelled_ack_and_reset_after_unknown_cannot_pass (test_windows_dns_receipts.ReceiptTests.test_cancelled_ack_and_reset_after_unknown_cannot_pass) ... ok
test_completed_and_retained_contexts_remain_distinct (test_windows_dns_receipts.ReceiptTests.test_completed_and_retained_contexts_remain_distinct) ... ok
test_event_or_cancel_alone_cannot_authorize_context_release (test_windows_dns_receipts.ReceiptTests.test_event_or_cancel_alone_cannot_authorize_context_release) ... ok
test_json_duplicate_fields_limits_and_unknown_keys_are_refused (test_windows_dns_receipts.ReceiptTests.test_json_duplicate_fields_limits_and_unknown_keys_are_refused) ... ok
test_pending_context_cannot_free_event_results_or_winsock (test_windows_dns_receipts.ReceiptTests.test_pending_context_cannot_free_event_results_or_winsock) ... ok
test_wrong_source_nonce_order_zero_selection_and_sync_cancel_are_incomplete (test_windows_dns_receipts.ReceiptTests.test_wrong_source_nonce_order_zero_selection_and_sync_cancel_are_incomplete) ... ok
test_metadata_failure_retains_incomplete_projection (test_windows_dns_receipts.RunnerTests.test_metadata_failure_retains_incomplete_projection) ... ok
test_post_failure_evidence_error_keeps_original_failure (test_windows_dns_receipts.RunnerTests.test_post_failure_evidence_error_keeps_original_failure) ... ok
test_refused_opt_in_and_non_windows_never_launch (test_windows_dns_receipts.RunnerTests.test_refused_opt_in_and_non_windows_never_launch) ... ok
test_timeout_preserves_partial_receipt_without_claiming_context_release (test_windows_dns_receipts.RunnerTests.test_timeout_preserves_partial_receipt_without_claiming_context_release) ... ok
test_bad_font_resource_or_missing_notice_never_produces_ready_bundle (test_windows_engine_staging.StagingTests.test_bad_font_resource_or_missing_notice_never_produces_ready_bundle) ... ok
test_duplicate_class_entries_are_rejected (test_windows_engine_staging.StagingTests.test_duplicate_class_entries_are_rejected) ... ok
test_duplicate_font_resource_is_rejected (test_windows_engine_staging.StagingTests.test_duplicate_font_resource_is_rejected) ... ok
test_hardlinks_and_unsafe_portable_names_are_rejected (test_windows_engine_staging.StagingTests.test_hardlinks_and_unsafe_portable_names_are_rejected) ... ok
test_missing_directory_adapter_rejects_search_ready_marker (test_windows_engine_staging.StagingTests.test_missing_directory_adapter_rejects_search_ready_marker) ... ok
test_missing_pins_and_wrong_java_never_produce_ready_bundles (test_windows_engine_staging.StagingTests.test_missing_pins_and_wrong_java_never_produce_ready_bundles) ... ok
test_oversized_selected_class_is_rejected_before_ready_manifest (test_windows_engine_staging.StagingTests.test_oversized_selected_class_is_rejected_before_ready_manifest) ... ok
test_roles_copy_only_reviewed_worker_classes_and_dependencies (test_windows_engine_staging.StagingTests.test_roles_copy_only_reviewed_worker_classes_and_dependencies) ... ok

----------------------------------------------------------------------
Ran 345 tests in 8.830s

OK (skipped=4)
{"report": "artifacts/transaction-pages/20260925T192134-ba283e2988804f1ebfdde6627fc7a8b0/report.json", "outcome": "failed", "complete_release": false}
{"report": "artifacts/transaction-pages/20260925T192134-96c33d56ff8f4d45a5167bab864f4458/report.json", "outcome": "failed", "complete_release": false}
{"report": "artifacts/transaction-pages/20260925T192134-f3cad1099cde40c882c68cdba7e7ed63/report.json", "outcome": "failed", "complete_release": false}
Native coordinator preflight rejected; retained failed receipt.
