   Compiling proc-macro2 v1.0.107
   Compiling quote v1.0.47
   Compiling unicode-ident v1.0.26
    Checking cfg-if v1.0.5
    Checking windows-link v0.2.1
    Checking smallvec v1.16.1
    Checking stable_deref_trait v1.2.1
    Checking itoa v1.0.18
   Compiling rand_core v0.6.4
   Compiling serde_core v1.0.229
   Compiling shlex v2.0.1
   Compiling find-msvc-tools v0.1.13
   Compiling rand v0.8.8
    Checking memchr v2.8.3
    Checking windows-sys v0.61.2
   Compiling cc v1.4.7
   Compiling serde v1.0.229
    Checking pin-project-lite v0.2.17
   Compiling phf_generator v0.11.3
    Checking bytes v1.12.1
    Checking futures-core v0.3.34
   Compiling phf_codegen v0.11.3
    Checking siphasher v1.0.3
    Checking once_cell v1.21.4
    Checking litemap v0.8.3
    Checking writeable v0.6.4
    Checking phf_shared v0.11.3
    Checking new_debug_unreachable v1.0.6
   Compiling icu_normalizer_data v2.3.0
    Checking futures-sink v0.3.34
   Compiling version_check v0.9.5
    Checking utf8_iter v1.0.4
   Compiling syn v3.0.6
   Compiling syn v2.0.119
   Compiling parking_lot_core v0.9.12
   Compiling icu_properties_data v2.3.0
   Compiling generic-array v0.14.7
    Checking http v1.5.0
   Compiling ring v0.17.14
    Checking scopeguard v1.2.0
    Checking zeroize v1.9.0
    Checking percent-encoding v2.3.2
    Checking rustls-pki-types v1.15.1
    Checking http-body v1.1.0
    Checking lock_api v0.4.14
   Compiling string_cache_codegen v0.5.4
    Checking getrandom v0.2.17
    Checking socket2 v0.6.5
    Checking mio v1.2.3
    Checking typenum v1.20.1
    Checking futures-task v0.3.34
    Checking precomputed-hash v0.1.1
    Checking tokio v1.53.1
warning: ring@0.17.14: Compiler family detection failed due to error: ToolNotFound: failed to find tool "x86_64-w64-mingw32-gcc": No such file or directory (os error 2)
warning: ring@0.17.14: Compiler family detection failed due to error: ToolNotFound: failed to find tool "x86_64-w64-mingw32-gcc": No such file or directory (os error 2)
warning: ring@0.17.14: Compiler family detection failed due to error: ToolNotFound: failed to find tool "x86_64-w64-mingw32-gcc": No such file or directory (os error 2)
warning: ring@0.17.14: Compiler family detection failed due to error: ToolNotFound: failed to find tool "x86_64-w64-mingw32-gcc": No such file or directory (os error 2)
error: failed to run custom build command for `ring v0.17.14`

Caused by:
  process didn't exit successfully: `<worktree>/target/debug/build/ring-d7c5c397401eb202/build-script-build` (exit status: 1)
  --- stdout
  cargo:rerun-if-env-changed=CARGO_MANIFEST_DIR
  cargo:rerun-if-env-changed=CARGO_PKG_NAME
  cargo:rerun-if-env-changed=CARGO_PKG_VERSION_MAJOR
  cargo:rerun-if-env-changed=CARGO_PKG_VERSION_MINOR
  cargo:rerun-if-env-changed=CARGO_PKG_VERSION_PATCH
  cargo:rerun-if-env-changed=CARGO_PKG_VERSION_PRE
  cargo:rerun-if-env-changed=CARGO_MANIFEST_LINKS
  cargo:rerun-if-env-changed=RING_PREGENERATE_ASM
  cargo:rerun-if-env-changed=OUT_DIR
  cargo:rerun-if-env-changed=CARGO_CFG_TARGET_ARCH
  cargo:rerun-if-env-changed=CARGO_CFG_TARGET_OS
  cargo:rerun-if-env-changed=CARGO_CFG_TARGET_ENV
  cargo:rerun-if-env-changed=CARGO_CFG_TARGET_ENDIAN
  cargo:rerun-if-env-changed=CC_x86_64-pc-windows-gnu
  CC_x86_64-pc-windows-gnu = None
  cargo:rerun-if-env-changed=CC_x86_64_pc_windows_gnu
  CC_x86_64_pc_windows_gnu = None
  cargo:rerun-if-env-changed=TARGET_CC
  TARGET_CC = None
  cargo:rerun-if-env-changed=CC
  CC = None
  cargo:rerun-if-env-changed=CROSS_COMPILE
  CROSS_COMPILE = None
  cargo:rerun-if-env-changed=CC_ENABLE_DEBUG_OUTPUT
  cargo:warning=Compiler family detection failed due to error: ToolNotFound: failed to find tool "x86_64-w64-mingw32-gcc": No such file or directory (os error 2)
  cargo:rerun-if-env-changed=CRATE_CC_NO_DEFAULTS
  CRATE_CC_NO_DEFAULTS = None
  cargo:rerun-if-env-changed=CC_ENABLE_DEBUG_OUTPUT
  cargo:warning=Compiler family detection failed due to error: ToolNotFound: failed to find tool "x86_64-w64-mingw32-gcc": No such file or directory (os error 2)
  cargo:rerun-if-env-changed=CRATE_CC_NO_DEFAULTS
  CRATE_CC_NO_DEFAULTS = None
  cargo:rerun-if-env-changed=CFLAGS
  CFLAGS = None
  cargo:rerun-if-env-changed=TARGET_CFLAGS
  TARGET_CFLAGS = None
  cargo:rerun-if-env-changed=CFLAGS_x86_64_pc_windows_gnu
  CFLAGS_x86_64_pc_windows_gnu = None
  cargo:rerun-if-env-changed=CFLAGS_x86_64-pc-windows-gnu
  CFLAGS_x86_64-pc-windows-gnu = None
  cargo:rerun-if-env-changed=CFLAGS
  CFLAGS = None
  cargo:rerun-if-env-changed=TARGET_CFLAGS
  TARGET_CFLAGS = None
  cargo:rerun-if-env-changed=CFLAGS_x86_64_pc_windows_gnu
  CFLAGS_x86_64_pc_windows_gnu = None
  cargo:rerun-if-env-changed=CFLAGS_x86_64-pc-windows-gnu
  CFLAGS_x86_64-pc-windows-gnu = None
  cargo:warning=Compiler family detection failed due to error: ToolNotFound: failed to find tool "x86_64-w64-mingw32-gcc": No such file or directory (os error 2)
  cargo:warning=Compiler family detection failed due to error: ToolNotFound: failed to find tool "x86_64-w64-mingw32-gcc": No such file or directory (os error 2)

  --- stderr


  error occurred in cc-rs: failed to find tool "x86_64-w64-mingw32-gcc": No such file or directory (os error 2)


warning: build failed, waiting for other jobs to finish...
