    Checking cfg-if v1.0.5
    Checking smallvec v1.16.1
    Checking stable_deref_trait v1.2.1
    Checking itoa v1.0.18
    Checking libc v0.2.189
   Compiling siphasher v1.0.3
    Checking serde_core v1.0.229
    Checking zerofrom v0.1.8
    Checking memchr v2.8.3
    Checking bytes v1.12.1
    Checking yoke v0.8.3
    Checking pin-project-lite v0.2.17
    Checking futures-core v0.3.34
   Compiling phf_shared v0.11.3
    Checking writeable v0.6.4
    Checking zerovec v0.11.8
    Checking litemap v0.8.3
   Compiling phf_generator v0.11.3
   Compiling phf_codegen v0.11.3
    Checking once_cell v1.21.4
    Checking zerotrie v0.2.5
    Checking utf8_iter v1.0.4
    Checking new_debug_unreachable v1.0.6
    Checking bitflags v2.13.2
    Checking futures-sink v0.3.34
    Checking http v1.5.0
   Compiling phf_macros v0.11.3
    Checking zeroize v1.9.0
    Checking percent-encoding v2.3.2
    Checking mio v1.2.3
    Checking socket2 v0.6.5
    Checking scopeguard v1.2.0
    Checking rustls-pki-types v1.15.1
    Checking tinystr v0.8.4
    Checking potential_utf v0.1.6
    Checking lock_api v0.4.14
    Checking icu_collections v2.3.0
    Checking icu_locale_core v2.3.0
    Checking tokio v1.53.1
    Checking getrandom v0.2.17
    Checking parking_lot_core v0.9.12
    Checking icu_properties_data v2.3.0
    Checking phf v0.11.3
    Checking icu_normalizer_data v2.3.0
   Compiling string_cache_codegen v0.5.4
    Checking futures-io v0.3.34
    Checking slab v0.4.12
    Checking futures-task v0.3.34
    Checking typenum v1.20.1
    Checking untrusted v0.9.0
    Checking http-body v1.1.0
    Checking precomputed-hash v0.1.1
    Checking ring v0.17.14
    Checking futures-util v0.3.34
   Compiling web_atoms v0.1.3
    Checking icu_provider v2.3.1
    Checking parking_lot v0.12.5
    Checking icu_properties v2.3.0
    Checking icu_normalizer v2.3.0
    Checking generic-array v0.14.7
    Checking try-lock v0.2.5
    Checking mac v0.1.1
    Checking tower-service v0.3.3
    Checking log v0.4.34
    Checking futf v0.1.5
    Checking serde v1.0.229
    Checking want v0.3.1
    Checking httparse v1.10.1
    Checking form_urlencoded v1.2.2
    Checking futures-channel v0.3.34
    Checking rustls-webpki v0.103.15
    Checking tracing-core v0.1.36
    Checking string_cache v0.8.9
    Checking idna_adapter v1.2.2
    Checking subtle v2.6.1
    Checking dtoa v1.0.11
    Checking atomic-waker v1.1.2
    Checking utf-8 v0.7.6
    Checking idna v1.1.0
    Checking dtoa-short v0.3.5
    Checking tendril v0.4.3
    Checking block-buffer v0.10.4
    Checking crypto-common v0.1.7
    Checking getrandom v0.4.3
    Checking tracing v0.1.44
    Checking zmij v1.0.23
    Checking errno v0.3.14
    Checking rustls v0.23.45
   Compiling selectors v0.31.0
    Checking sync_wrapper v1.0.2
    Checking tower-layer v0.3.3
    Checking base64 v0.22.1
    Checking ryu v1.0.23
    Checking ipnet v2.12.2
    Checking byteorder v1.5.0
    Checking foldhash v0.1.5
    Checking serde_json v1.0.151
    Checking fxhash v0.2.1
    Checking hashbrown v0.15.5
    Checking cssparser v0.35.0
    Checking markup5ever v0.35.0
    Checking derive_more v2.1.1
    Checking rustix v1.1.5
    Checking digest v0.10.7
    Checking num-traits v0.2.19
    Checking url v2.5.8
    Checking webpki-roots v1.0.9
    Checking cpufeatures v0.2.17
    Checking servo_arc v0.4.3
    Checking unicode-width v0.2.2
    Checking core-foundation-sys v0.8.7
    Checking fastrand v2.5.0
    Checking hashbrown v0.17.1
    Checking hyper v1.11.1
    Checking tower v0.5.3
    Checking equivalent v1.0.2
    Checking iana-time-zone v0.1.65
    Checking getopts v0.2.24
    Checking thiserror v2.0.20
    Checking ref-cast v1.0.27
    Checking sha2 v0.10.9
    Checking html5ever v0.35.0
    Checking libsqlite3-sys v0.35.0
    Checking tower-http v0.6.11
    Checking indexmap v2.14.2
    Checking hashlink v0.10.0
    Checking crc32fast v1.5.2
    Checking tempfile v3.27.0
    Checking hyper-util v0.1.20
    Checking serde_urlencoded v0.7.1
    Checking uuid v1.26.1
    Checking http-body-util v0.1.5
    Checking csv-core v0.1.13
    Checking ego-tree v0.10.0
    Checking fallible-streaming-iterator v0.1.9
    Checking arrayvec v0.7.8
    Checking dyn-clone v1.0.20
    Checking typed-path v0.12.3
    Checking fallible-iterator v0.3.0
    Checking schemars v1.2.2
    Checking csv v1.4.0
    Checking scraper v0.24.0
    Checking rust_decimal v1.43.0
    Checking chrono v0.4.45
    Checking rusqlite v0.37.0
    Checking quick-xml v0.42.0
    Checking robotstxt v0.3.0
    Checking tokio-rustls v0.26.5
    Checking workbench-windows-worker v0.1.0 (<worktree>/crates/windows-worker)
    Checking hyper-rustls v0.27.10
    Checking reqwest v0.12.28
    Checking zip v8.6.0
    Checking workbench-core v0.1.0 (<worktree>/crates/core)
error: using `Result.and_then(|x| Ok(y))`, which is more succinctly expressed as `map(|x| y)`
   --> crates/core/src/coordinator_search_native.rs:469:26
    |
469 |               let result = completed_query(Err(error), sequence, 3).and_then(|_| {
    |  __________________________^
470 | |                 inspected = true;
471 | |                 Ok(())
472 | |             });
    | |______________^
    |
    = help: for further information visit https://rust-lang.github.io/rust-clippy/master/index.html#bind_instead_of_map
    = note: `-D clippy::bind-instead-of-map` implied by `-D warnings`
    = help: to override `-D warnings` add `#[allow(clippy::bind_instead_of_map)]`
help: use `map` instead
    |
469 ~             let result = completed_query(Err(error), sequence, 3).map(|_| {
470 |                 inspected = true;
471 ~                 ()
    |

error: could not compile `workbench-core` (lib test) due to 1 previous error
